Terminal log file
Date: 05.12.2015 - 
-----------------------------------------------
02221c:00>+63+6C+6B+0F+0C+05+0C+28+00+00+00+00+00+00+00+00+
03229a:CF<-
04378e:43<+80-
04379c:42>+1F-
04380b:42>+A3-
04380f:3E>+A9-
04381d:42>+A9-
05061f:3E>+A9-
05062e:42>+A9-
05612d:3E>+A5-
05613b:2A>+
05744a:3E>+A9-
05744e:42>+A9-
06425f:3E>+A9-
06426e:42>+A9-
07107f:3E>+A9-
07108d:42>+A9-
07789f:3E>+A9-
07790d:42>+A9-
08471e:3E>+A9-
08472d:42>+A9-
09153f:3E>+A9-
09154e:42>+A9-
09521a:42>+93-
09522a:42>+96-
09541b:42>+9C-
09542b:42>+9A-
09580e:42>+93-
09581d:42>+96-
09600f:42>+9C-
09601e:42>+9A-
09670d:42>+93-
09671d:42>+96-
09690e:42>+9C-
09691e:42>+9A-
09711a:42>+93-
09712a:42>+96-
09751c:42>+9C-
09752c:42>+9A-
09770e:42>+93-
09771d:42>+96-
09791f:42>+9C-
09792f:42>+9A-
09835e:3E>+A9-
09836d:42>+A9-
09921e:3E>+93-
09922e:3E>+96-
09941f:3E>+9C-
09942f:3E>+9A-
10072b:3E>+93-
10073b:3E>+96-
10091c:3E>+9C-
10092c:3E>+9A-
10221e:3E>+93-
10222e:3E>+96-
10301e:3E>+9C-
10302d:3E>+9A-
10322f:3E>+93-
10323f:3E>+96-
10342a:3E>+9C-
10342f:3E>+9A-
10372c:3E>+93-
10373c:3E>+96-
10411e:3E>+9C-
10412e:3E>+9A-
10432a:3E>+93-
10433a:3E>+96-
10491e:3E>+9C-
10492d:3E>+9A-
10517e:3E>+A9-
10518c:42>+A9-
10522f:3E>+93-
10523f:3E>+96-
10542b:3E>+9C-
10543a:3E>+9A-
10672c:3E>+93-
10673c:3E>+96-
10691e:3E>+9C-
10692d:3E>+9A-
10822f:3E>+93-
10823f:3E>+96-
10842b:3E>+9C-
10843b:3E>+9A-
00049f:3E>+93-
00050e:3E>+96-
00070a:3E>+9C-
00070f:3E>+9A-
00200c:3E>+93-
00201c:3E>+96-
00219e:3E>+9C-
00220d:3E>+9A-
00277a:3E>+A9-
00277f:42>+A9-
00349f:3E>+93-
00350e:3E>+96-
00370b:3E>+9C-
00371a:3E>+9A-
00500d:3E>+93-
00501d:3E>+96-
00519d:3E>+9C-
00520d:3E>+9A-
00649f:3E>+93-
00650f:25<-
00670a:3E>+9C-
00671a:3E>+9A-
00690c:3E>+93-
00691c:3E>+96-
00709d:3E>+9C-
00710d:3E>+9A-
00749f:3E>+93-
00750f:3E>+96-
00770a:3E>+9C-
00771a:3E>+9A-
00800d:3E>+93-
00801d:3E>+96-
00819e:3E>+9C-
00820e:3E>+9A-
00951a:3E>+93-
00952a:3E>+96-
00959a:3E>+A9-
00959e:42>+A9-
01010e:3E>+9C-
01011d:3E>+9A-
01051a:3E>+93-
01052a:3E>+96-
01070c:3E>+9C-
01071b:3E>+9A-
01100d:3E>+93-
01101c:3E>+96-
01139f:3E>+9C-
01140f:3E>+9A-
01160b:3E>+93-
01161a:3E>+96-
01180c:3E>+9C-
01181c:3E>+9A-
01200d:3E>+93-
01201d:3E>+96-
01220e:3E>+9C-
01221e:3E>+9A-
01251a:3E>+93-
01252a:3E>+96-
01270c:3E>+9C-
01271b:3E>+9A-
01400d:3E>+93-
01401d:3E>+96-
01420e:3E>+9C-
01421e:3E>+9A-
01551a:3E>+93-
01552a:3E>+96-
01610e:3E>+9C-
01611e:3E>+9A-
01631a:3E>+93-
01632a:3E>+96-
01640f:3E>+A9-
01641e:42>+A9-
01671c:3E>+9C-
01672b:3E>+9A-
01701d:3E>+93-
01702d:3E>+96-
01720f:3E>+9C-
01721f:3E>+9A-
01741b:3E>+93-
01742b:3E>+96-
01780d:3E>+9C-
01781c:3E>+9A-
01801e:3E>+93-
01802e:3E>+96-
01821a:3E>+9C-
01821f:3E>+9A-
01851b:3E>+93-
01852b:3E>+96-
01870d:3E>+9C-
01871c:3E>+9A-
02322f:2A>+
02323e:42>+A9-
03005a:3E>+A9-
03005e:42>+A9-
03100b:42>+93-
03101a:42>+96-
03120d:42>+9C-
03121c:42>+9A-
03249e:42>+93-
03250d:42>+96-
03330d:42>+9C-
03331d:42>+9A-
03350f:42>+93-
03351f:42>+96-
03371a:42>+9C-
03371f:42>+9A-
03400b:42>+93-
03401b:42>+96-
03439e:42>+9C-
03440d:42>+9A-
03459f:42>+93-
03460e:42>+96-
03520d:42>+9C-
03521c:42>+9A-
03549e:42>+93-
03550e:42>+96-
03570a:42>+9C-
03570f:42>+9A-
03610c:42>+93-
03611c:42>+96-
03630d:42>+9C-
03631d:42>+9A-
03686f:3E>+A9-
03687d:42>+A9-
03700c:42>+93-
03701c:42>+96-
03740e:42>+9C-
03741e:42>+9A-
03780b:42>+93-
03781a:42>+96-
03820d:42>+9C-
03821c:42>+9A-
03849f:42>+93-
03850f:42>+96-
03949f:42>+9C-
03950e:42>+9A-
04000c:42>+93-
04001b:42>+96-
04020d:42>+9C-
04021c:42>+9A-
04080b:42>+93-
04081a:42>+96-
04120e:42>+9C-
04121d:42>+9A-
04149f:42>+93-
04150f:42>+96-
04230e:42>+9C-
04231e:42>+9A-
04300d:42>+93-
04301c:42>+96-
04368f:3E>+A9-
04369d:42>+A9-
04380c:42>+9C-
04381b:42>+9A-
04449f:42>+93-
04450f:42>+96-
04470a:42>+9C-
04471a:42>+9A-
04509d:42>+93-
04510d:42>+96-
04549f:42>+9C-
04550f:42>+9A-
04600d:42>+93-
04601c:42>+96-
04640a:42>+9C-
04640f:42>+9A-
04660b:42>+93-
04661a:42>+96-
04680c:42>+9C-
04681b:42>+9A-
04700d:42>+93-
04701c:42>+96-
04720f:42>+9C-
04721e:42>+9A-
04750a:42>+93-
04750f:42>+96-
04810d:42>+9C-
04811c:42>+9A-
04830f:42>+93-
04831e:42>+96-
04871b:42>+9C-
04872a:42>+9A-
04900d:42>+93-
04901d:42>+96-
04920e:42>+9C-
04921e:42>+9A-
05050a:42>+93-
05050f:3E>+A9-
05051d:42>+96-
05052c:42>+A9-
05110e:42>+9C-
05111d:42>+9A-
05130f:42>+93-
05131f:42>+96-
05150a:42>+9C-
05151a:42>+9A-
05200d:42>+93-
05201d:42>+96-
05220e:42>+9C-
05221e:42>+9A-
05261b:42>+93-
05262b:42>+96-
05320f:42>+9C-
05321f:42>+9A-
05351b:42>+93-
05352a:42>+96-
05371c:42>+9C-
05372b:42>+9A-
05410f:42>+93-
05411e:42>+96-
05451b:42>+9C-
05452a:42>+9A-
05500e:42>+93-
05501d:42>+96-
05521f:42>+9C-
05522f:42>+9A-
05541a:42>+93-
05541f:42>+96-
05621f:42>+9C-
05622f:42>+9A-
05651b:42>+93-
05652b:42>+96-
05710f:42>+9C-
05711f:42>+9A-
05731a:42>+93-
05731f:42>+96-
05732f:3E>+A9-
05733f:42>+A9-
05771c:42>+9C-
05772c:42>+9A-
05800e:42>+93-
05801e:42>+96-
05820f:42>+9C-
05821f:42>+9A-
05841a:42>+93-
05842a:42>+96-
05881d:42>+9C-
05882d:42>+9A-
05900e:42>+93-
05901d:42>+96-
05920f:42>+9C-
05921e:42>+9A-
05951b:42>+93-
05952b:42>+96-
05971c:42>+9C-
05972c:42>+9A-
06414f:3E>+A9-
06415f:42>+A9-
06770e:42>+93-
06771d:42>+96-
06850c:42>+9C-
06851c:42>+9A-
06869d:42>+93-
06870c:42>+96-
06890e:42>+9C-
06891e:42>+9A-
07096f:3E>+A9-
07097f:42>+A9-
07189f:42>+93-
07190e:42>+96-
07230c:42>+9C-
07231b:42>+9A-
07249c:42>+93-
07250c:42>+96-
07310a:42>+9C-
07311a:42>+9A-
07379f:42>+93-
07380e:42>+96-
07420b:42>+9C-
07421a:42>+9A-
07439c:42>+93-
07440c:42>+96-
07499f:42>+9C-
07500f:42>+9A-
07539c:42>+93-
07540c:42>+96-
07579e:42>+9C-
07580e:42>+9A-
07599a:42>+93-
07599f:42>+96-
07659e:42>+9C-
07660d:42>+9A-
07698a:42>+93-
07699a:42>+96-
07738c:42>+9C-
07739c:42>+9A-
07757e:42>+93-
07758d:42>+96-
07778e:3E>+A9-
07779e:42>+A9-
07818b:42>+9C-
07819b:42>+9A-
07849d:42>+93-
07850d:42>+96-
07889a:42>+9C-
07889f:42>+9A-
07909b:42>+93-
07910a:42>+96-
07969f:42>+9C-
07970e:42>+9A-
07999a:42>+93-
08000a:42>+96-
08039c:42>+9C-
08040c:42>+9A-
08059e:42>+93-
08060e:42>+96-
08119c:42>+9C-
08120b:42>+9A-
08460e:3E>+A9-
08461e:42>+A9-
08814c:42>+93-
08815b:42>+96-
09142e:3E>+A9-
09143e:42>+A9-
09824e:3E>+A9-
09825d:42>+A9-
10124d:42>+AA-
10506e:3E>+A9-
00265f:3E>+A9-
00948a:2A>+
01630a:3E>+A9-
02311f:3E>+A9-
02565c:3E>+AC-

-----------------------------------------------
Date: 05.12.2015 - 
End log file
