Terminal log file
Date: 05.12.2015 - 12:40:45
-----------------------------------------------
00231c:D1<-
01450f:59<+80-
01451d:58>+1F-
01452b:58>+A3-
01452f:3E>+A9-
01453d:58>+A9-
02133d:3E>+A9-
02134e:58>+A9-
02463e:3E>+A5-
02464c:3E>+A9-
02815d:3E>+A9-
02816e:58>+A9-
03497d:3E>+A9-
03498d:58>+A9-
04179e:3E>+A9-
04180e:58>+A9-
04861e:3E>+A9-
04862d:58>+A9-
05543f:3E>+A9-
05544e:58>+A9-
06225f:3E>+A9-
06226d:58>+A9-
06650e:58>+93-
06651e:58>+96-
06672a:58>+9C-
06672f:58>+9A-
06711c:58>+93-
06712c:58>+96-
06731d:58>+9C-
06732d:58>+9A-
06801c:58>+93-
06802b:58>+96-
06821d:58>+9C-
06822c:58>+9A-
06841e:58>+93-
06842d:58>+96-
06881a:58>+9C-
06882a:58>+9A-
06901c:58>+93-
06902b:58>+96-
06908a:3E>+A9-
06908e:58>+A9-
06921d:58>+9C-
06922d:58>+9A-
06984e:3E>+93-
06985e:3E>+96-
07005a:3E>+9C-
07006a:3E>+9A-
07136d:3E>+93-
07137c:3E>+96-
07217b:3E>+9C-
07218b:3E>+9A-
07237c:3E>+93-
07238c:3E>+96-
07257d:3E>+9C-
07258d:3E>+9A-
07288a:3E>+93-
07289a:3E>+96-
07328c:3E>+9C-
07329b:3E>+9A-
07344f:00>+63+6C+6B+0F+0C+05+0C+29+00+00+00+00+00+00+00+00+
07350b:3E>+93-
07351b:3E>96-
07409b:3E>+9C-
07410a:3E>+9A-
07439d:3E>+93-
07440d:3E>+96-
07459e:3E>+9C-
07460e:3E>+9A-
07480a:3E>+93-
07480f:3E>+96-
07500a:3E>+9C-
07501a:3E>+9A-
07540d:3E>+93-
07541d:3E>+96-
07560e:3E>+9C-
07561e:3E>+9A-
07590a:3E>+A9-
07590e:58>+A9-
07591d:3E>+93-
07592c:3E>+96-
07611d:00>+63+6C+6B+0F+0C+05+0C+29+00+00+00+00+00+00+00+00+
07631d:3E>+9C-
07632c:3E>+9A-
07651e:3E>+93-
07652e:3E>+96-
07671f:3E>+9C-
07672f:3E>+9A-
07692a:3E>+93-
07693a:3E>+96-
07712c:3E>+9C-
07713c:3E>+9A-
07742f:3E>+93-
07743e:3E>+96-
07762f:3E>+9C-
07763f:3E>+9A-
07783a:3E>+93-
07784a:3E>+96-
07863f:3E>+9C-
07864f:3E>+9A-
07894c:3E>+93-
07895c:3E>+96-
07914d:3E>+9C-
07915c:3E>+9A-
07934d:3E>+93-
07935d:3E>+96-
07975a:3E>+9C-
07976a:3E>+9A-
07995b:3E>+93-
07996b:3E>+96-
08015d:3E>+9C-
08016c:3E>+9A-
08045f:3E>+93-
08046f:3E>+96-
08106c:3E>+9C-
08107c:3E>+9A-
08126e:3E>+93-
08127e:3E>+96-
08167a:3E>+9C-
08168a:3E>+9A-
08197d:3E>+93-
08198d:3E>+96-
08217d:3E>+9C-
08218d:3E>+9A-
08258a:3E>+93-
08259a:3E>+96-
08272b:58>+A9-
08272f:3E>+A9-
08318e:3E>+9C-
08319e:3E>+9A-
08349a:3E>+93-
08350a:3E>+96-
08369a:3E>+9C-
08370a:3E>+9A-
08389c:3E>+93-
08390c:3E>+96-
08429e:3E>+9C-
08430e:3E>+9A-
08500e:3E>+93-
08501e:3E>+96-
08520e:3E>+9C-
08521e:3E>+9A-
08954a:58>+A9-
08954e:3E>+A9-
09636a:58>+A9-
09636e:3E>+A9-
09887e:58>+93-
09888e:58>+96-
09909a:58>+9C-
09909f:58>+9A-
10038c:58>+93-
10039b:58>+96-
10119b:58>+9C-
10120a:58>+9A-
10139c:58>+93-
10140b:58>+96-
10159d:58>+9C-
10160c:58>+9A-
10188f:58>+93-
10189e:58>+96-
10229b:58>+9C-
10230a:58>+9A-
10248c:58>+93-
10249c:58>+96-
10309a:58>+9C-
10310a:58>+9A-
10317f:58>+A9-
10318e:3E>+A9-
10339c:58>+93-
10340b:58>+96-
10359d:58>+9C-
10360c:58>+9A-
10398f:58>+93-
10399f:58>+96-
10419a:58>+9C-
10420a:58>+9A-
10488f:58>+93-
10489e:58>+96-
10529c:58>+9C-
10530b:58>+9A-
10569e:58>+93-
10570d:58>+96-
10610a:58>+9C-
10611a:58>+9A-
10639c:58>+93-
10640c:58>+96-
10739c:58>+9C-
10740b:58>+9A-
10789f:58>+93-
10790e:58>+96-
10810b:58>+9C-
10811a:58>+9A-
10869e:58>+93-
10870d:58>+96-
10910b:58>+9C-
10911a:58>+9A-
00016e:58>+93-
00017d:58>+96-
00077c:58>+A9-
00078a:3E>+A9-
00097d:58>+9C-
00098c:58>+9A-
00167b:58>+93-
00168b:58>+96-
00248b:58>+9C-
00249a:58>+9A-
00317e:58>+93-
00318e:58>+96-
00338a:58>+9C-
00339a:58>+9A-
00377c:58>+93-
00378c:58>+96-
00417f:58>+9C-
00418f:58>+9A-
00467c:58>+93-
00468c:58>+96-
00507e:58>+9C-
00508e:58>+9A-
00526f:58>+93-
00527e:58>+96-
00548a:58>+9C-
00549a:58>+9A-
00567c:58>+93-
00568b:58>+96-
00588d:58>+9C-
00589d:58>+9A-
00617f:58>+93-
00618e:58>+96-
00677d:58>+9C-
00678d:58>+9A-
00697e:58>+93-
00698e:58>+96-
00738a:58>+9C-
00739a:58>+9A-
00759b:58>+A9-
00760a:3E>+A9-
00767c:58>+93-
00768c:58>+96-
00787e:58>+9C-
00788d:58>+9A-
00918a:58>+93-
00918f:58>+96-
00978d:58>+9C-
00979d:58>+9A-
00997f:58>+93-
00998e:58>+96-
01018a:58>+9C-
01018f:58>+9A-
01067d:58>+93-
01068c:58>+96-
01088d:58>+9C-
01089d:58>+9A-
01128a:58>+93-
01129a:58>+96-
01188e:58>+9C-
01189e:58>+9A-
01217f:58>+93-
01218f:58>+96-
01238b:58>+9C-
01239b:58>+9A-
01277d:58>+93-
01278d:58>+96-
01317f:58>+9C-
01318f:58>+9A-
01368d:58>+93-
01369c:58>+96-
01388e:58>+9C-
01389d:58>+9A-
01407f:58>+93-
01408f:58>+96-
01441b:58>+A9-
01441f:3E>+A9-
01488f:58>+9C-
01489e:58>+9A-
01518a:58>+93-
01518f:58>+96-
01577d:58>+9C-
01578d:58>+9A-
01597e:58>+93-
01598e:58>+96-
01638b:58>+9C-
01639b:58>+9A-
01668d:58>+93-
01669d:58>+96-
01688e:58>+9C-
01689e:58>+9A-
01708a:58>+93-
01708f:58>+96-
01748c:58>+9C-
01749b:58>+9A-
01768e:58>+93-
01769d:58>+96-
01788f:58>+9C-
01789e:58>+9A-
01818a:58>+93-
01818f:58>+96-
01838c:58>+9C-
01839b:58>+9A-
02123a:58>+A9-
02124a:3E>+A9-
02554d:58>+93-
02555c:58>+96-
02634d:58>+9C-
02635c:58>+9A-
02654e:58>+93-
02655d:58>+96-
02674f:58>+9C-
02675e:58>+9A-
02805a:58>+A9-
02805f:3E>+A9-
02855d:58>+93-
02856d:58>+96-
02896a:58>+9C-
02896f:58>+9A-
02915b:58>+93-
02916a:58>+96-
02975f:58>+9C-
02976e:58>+9A-
03035c:58>+93-
03036c:58>+96-
03074f:58>+9C-
03075e:58>+9A-
03095b:58>+93-
03096a:58>+96-
03155e:58>+9C-
03156d:58>+9A-
03201a:58>+93-
03202a:58>+96-
03241d:58>+9C-
03242d:58>+9A-
03260e:58>+93-
03261e:58>+96-
03322d:58>+9C-
03323c:58>+9A-
03363e:58>+93-
03364e:58>+96-
03403b:58>+9C-
03404a:58>+9A-
03423c:58>+93-
03424b:58>+96-
03484a:58>+9C-
03484f:58>+9A-
03486f:58>+A9-
03488a:3E>+A9-
03522c:58>+93-
03523c:58>+96-
03562f:58>+9C-
03563f:58>+9A-
03582a:58>+93-
03582f:58>+96-
03642e:58>+9C-
03643d:58>+9A-
04169a:58>+A9-
04170b:3E>+A9-
04572a:58>+93-
04573a:58>+96-
04850f:58>+A9-
04852b:3E>+A9-
05532e:58>+A9-
05534b:3E>+A9-
05882c:2A>-
05895f:3E>+AC-
-----------------------------------------------
Date: 05.12.2015 - 12:41:16
End log file