Terminal log file
Date: 05.12.2015 - 12:38:43
-----------------------------------------------
09806a:CF<-
02233d:3F<-
02234a:00>+AC+
07485d:00>+63+6C+6B+0F+0C+05+0C+27+00+00+00+00+00+00+00+00+
07754a:00>+63+6C+6B+0F+0C+05+0C+27+00+00+00+00+00+00+00+00+
00718a:D3<-
02099b:6F<+80-
02099f:6E>+1F-
02100d:3E>+A9-
02101b:6E>+A3-
02101f:6E>+A9-
02609c:3E>+A5-
02610a:3E>+A9-
02776f:3E>+A9-
02783a:6E>+A9-
03453d:3E>+A9-
03464f:6E>+A9-
04130c:3E>+A9-
04147a:6E>+A9-
04807a:3E>+A9-
04828f:6E>+A9-
05483f:3E>+A9-
05510e:6E>+A9-
06160d:3E>+A9-
06192e:6E>+A9-
06837c:3E>+A9-
06874e:6E>+A9-
07514b:3E>+A9-
07556e:6E>+A9-
08190f:3E>+A9-
08238d:6E>+A9-
08867e:3E>+A9-
08920d:6E>+A9-
09236f:6E>+93-
09237e:6E>+96-
09256f:6E>+9C-
09257f:6E>+9A-
09296c:6E>+93-
09297c:6E>+96-
09316e:6E>+9C-
09317e:6E>+9A-
09386c:6E>+93-
09387b:6E>+96-
09406d:6E>+9C-
09407c:6E>+9A-
09426f:6E>+93-
09427e:6E>+96-
09467b:6E>+9C-
09468a:6E>+9A-
09486c:6E>+93-
09487c:6E>+96-
09506d:6E>+9C-
09507d:6E>+9A-
09544c:3E>+A9-
09551d:3E>+93-
09552c:3E>+96-
09573f:3E>+9C-
09574e:3E>+9A-
09602c:6E>+A9-
09700d:3E>+93-
09701c:3E>+96-
09783a:3E>+9C-
09783f:3E>+9A-
09801f:3E>+93-
09802e:3E>+96-
09824d:3E>+9C-
09825d:3E>+9A-
09850d:3E>+93-
09851c:3E>+96-
09892f:3E>+9C-
09893e:3E>+9A-
09911b:3E>+93-
09912a:3E>+96-
09974f:3E>+9C-
09975f:3E>+9A-
09999f:3E>+93-
10000f:3E>+96-
10021d:3E>+9C-
10022c:3E>+9A-
10059f:3E>+93-
10060e:3E>+96-
10081e:3E>+9C-
10082d:3E>+9A-
10149c:3E>+93-
10150b:3E>+96-
10171d:3E>+9C-
10172d:3E>+9A-
10221b:3E>+A9-
10230c:3E>+93-
10231b:3E>+96-
10271d:3E>+9C-
10272d:3E>+9A-
10284c:6E>+A9-
10298e:3E>+93-
10299d:3E>+96-
10380d:3E>+9C-
10381c:3E>+9A-
10449f:3E>+93-
10450e:3E>+96-
10469f:3E>+9C-
10470f:3E>+9A-
10509d:3E>+93-
10510c:3E>+96-
10550c:3E>+9C-
10551b:3E>+9A-
10598b:3E>+93-
10599b:3E>+96-
10679e:3E>+9C-
10680d:3E>+9A-
10747d:3E>+93-
10748c:3E>+96-
10769b:3E>+9C-
10770a:3E>+9A-
10828e:3E>+93-
10829d:3E>+96-
10849c:3E>+9C-
10850b:3E>+9A-
10897c:3E>+93-
10898a:3E>+A9-
10898f:3E>+96-
10919a:3E>+9C-
10919f:3E>+9A-
00043e:6E>+A9-
00055f:3E>+93-
00056e:3E>+96-
00078a:3E>+9C-
00079a:3E>+9A-
00124f:3E>+93-
00125e:3E>+96-
00186c:3E>+9C-
00187b:3E>+9A-
00205f:3E>+93-
00206f:3E>+96-
00248c:3E>+9C-
00249c:3E>+9A-
00274c:3E>+93-
00275b:3E>+96-
00296a:3E>+9C-
00296f:3E>+9A-
00423c:3E>+93-
00424b:3E>+96-
00445a:3E>+9C-
00445f:3E>+9A-
00524b:3E>+93-
00525a:3E>+96-
00545e:3E>+9C-
00546e:3E>+9A-
00573b:3E>+93-
00574a:3E>+96-
00595a:3E>+9C-
00596a:3E>+9A-
00634a:3E>+93-
00634f:3E>+96-
00652a:3E>+A9-
00696a:3E>+9C-
00696f:3E>+9A-
00722e:3E>+93-
00723d:3E>+96-
00725d:6E>+A9-
00784d:3E>+9C-
00785c:3E>+9A-
00803f:3E>+93-
00804e:3E>+96-
00823f:3E>+9C-
00824e:3E>+9A-
00871e:3E>+93-
00872d:3E>+96-
00895f:3E>+9C-
00896e:3E>+9A-
00953b:3E>+93-
00954a:3E>+96-
00996a:3E>+9C-
00996f:3E>+9A-
01021c:3E>+93-
01022b:3E>+96-
01043a:3E>+9C-
01043f:3E>+9A-
01062f:3E>+93-
01063e:3E>+96-
01082c:3E>+9C-
01083c:3E>+9A-
01122b:3E>+93-
01123b:3E>+96-
01143e:3E>+9C-
01144e:3E>+9A-
01170d:3E>+93-
01171c:3E>+96-
01192c:3E>+9C-
01193b:3E>+9A-
01319e:3E>+93-
01320d:3E>+96-
01328e:3E>+A9-
01381b:3E>+9C-
01382a:3E>+9A-
01400f:3E>+93-
01401f:3E>+96-
01407d:6E>+A9-
01441f:3E>+9C-
01442e:3E>+9A-
01469d:3E>+93-
01470c:3E>+96-
01493d:3E>+9C-
01494c:3E>+9A-
01510c:3E>+93-
01511b:3E>+96-
01553a:3E>+9C-
01553f:3E>+9A-
01570b:3E>+93-
01571b:3E>+96-
01591e:3E>+9C-
01592d:3E>+9A-
01619a:3E>+93-
01620a:3E>+96-
01641c:3E>+9C-
01642b:3E>+9A-
02005d:3E>+A9-
02089c:6E>+A9-
02682c:3E>+A9-
02771c:6E>+A9-
03118a:6E>+93-
03119a:6E>+96-
03139c:6E>+9C-
03140b:6E>+9A-
03268e:6E>+93-
03269d:6E>+96-
03349c:6E>+9C-
03350b:6E>+9A-
03359b:3E>+A9-
03368d:6E>+93-
03369d:6E>+96-
03389f:6E>+9C-
03390e:6E>+9A-
03419b:6E>+93-
03420a:6E>+96-
03453c:6E>+A9-
03458c:6E>+9C-
03459c:6E>+9A-
03478e:6E>+93-
03479e:6E>+96-
03539c:6E>+9C-
03540b:6E>+9A-
03568e:6E>+93-
03569d:6E>+96-
03588f:6E>+9C-
03589e:6E>+9A-
03629b:6E>+93-
03630a:6E>+96-
03649c:6E>+9C-
03650b:6E>+9A-
03719a:6E>+93-
03720a:6E>+96-
03759d:6E>+9C-
03760d:6E>+9A-
03798f:6E>+93-
03799f:6E>+96-
03839c:6E>+9C-
03840c:6E>+9A-
03868e:6E>+93-
03869e:6E>+96-
03968e:6E>+9C-
03969d:6E>+9A-
04019b:6E>+93-
04020a:6E>+96-
04035f:3E>+A9-
04039c:6E>+9C-
04040b:6E>+9A-
04099a:6E>+93-
04099f:6E>+96-
04135b:6E>+A9-
04139d:6E>+9C-
04140c:6E>+9A-
04168e:6E>+93-
04169e:6E>+96-
04249d:6E>+9C-
04250d:6E>+9A-
04319b:6E>+93-
04320a:6E>+96-
04399a:6E>+9C-
04400a:6E>+9A-
04468e:6E>+93-
04469e:6E>+96-
04489a:6E>+9C-
04489f:6E>+9A-
04528c:6E>+93-
04529b:6E>+96-
04568f:6E>+9C-
04569e:6E>+9A-
04618c:6E>+93-
04619b:6E>+96-
04658e:6E>+9C-
04659d:6E>+9A-
04678f:6E>+93-
04679e:6E>+96-
04699a:6E>+9C-
04700a:6E>+9A-
04712d:3E>+A9-
04719c:6E>+93-
04720b:6E>+96-
04739d:6E>+9C-
04740c:6E>+9A-
04768f:6E>+93-
04769e:6E>+96-
04817b:6E>+A9-
04829c:6E>+9C-
04830c:6E>+9A-
04849e:6E>+93-
04850d:6E>+96-
04890a:6E>+9C-
04891a:6E>+9A-
04919c:6E>+93-
04920c:6E>+96-
04939d:6E>+9C-
04940c:6E>+9A-
05068f:6E>+93-
05069e:6E>+96-
05129d:6E>+9C-
05130c:6E>+9A-
05149e:6E>+93-
05150d:6E>+96-
05168f:6E>+9C-
05169f:6E>+9A-
05219c:6E>+93-
05220c:6E>+96-
05239d:6E>+9C-
05240d:6E>+9A-
05279a:6E>+93-
05279f:6E>+96-
05339e:6E>+9C-
05340d:6E>+9A-
05370a:6E>+93-
05370f:6E>+96-
05389c:3E>+A9-
05390b:6E>+9C-
05391a:6E>+9A-
05429d:6E>+93-
05430d:6E>+96-
05469f:6E>+9C-
05470f:6E>+9A-
05499b:6E>+A9-
05519d:6E>+93-
05520c:6E>+96-
05539e:6E>+9C-
05540d:6E>+9A-
05559f:6E>+93-
05560e:6E>+96-
05640e:6E>+9C-
05641d:6E>+9A-
05669f:6E>+93-
05670f:6E>+96-
05730d:6E>+9C-
05731d:6E>+9A-
05749f:6E>+93-
05750e:6E>+96-
05790b:6E>+9C-
05791a:6E>+9A-
05819d:6E>+93-
05820c:6E>+96-
05839e:6E>+9C-
05840d:6E>+9A-
05859f:6E>+93-
05860e:6E>+96-
05900c:6E>+9C-
05901b:6E>+9A-
05920d:6E>+93-
05921c:6E>+96-
05940e:6E>+9C-
05941e:6E>+9A-
05970a:6E>+93-
05971a:6E>+96-
05990b:6E>+9C-
05991b:6E>+9A-
06066a:3E>+A9-
06181b:6E>+A9-
06742f:3E>+A9-
06863a:6E>+A9-
06969b:6E>+93-
06970a:6E>+96-
07049a:6E>+9C-
07050a:6E>+9A-
07069b:6E>+93-
07070b:6E>+96-
07089c:6E>+9C-
07090c:6E>+9A-
07389d:6E>+93-
07390d:6E>+96-
07419e:3E>+A9-
07429f:6E>+9C-
07430f:6E>+9A-
07449a:6E>+93-
07449f:6E>+96-
07509e:6E>+9C-
07510d:6E>+9A-
07545a:6E>+A9-
07662b:6E>+93-
07663b:6E>+96-
07702d:6E>+9C-
07703d:6E>+9A-
07721f:6E>+93-
07722e:6E>+96-
07782d:6E>+9C-
07783c:6E>+9A-
07981d:6E>+93-
07982c:6E>+96-
08021f:6E>+9C-
08022e:6E>+9A-
08041a:6E>+93-
08042a:6E>+96-
08096c:3E>+A9-
08101e:6E>+9C-
08102d:6E>+9A-
08226f:6E>+A9-
08307f:6E>+93-
08308e:6E>+96-
08347b:6E>+9C-
08348b:6E>+9A-
08367d:6E>+93-
08368c:6E>+96-
08428a:6E>+9C-
08428f:6E>+9A-
08773b:3E>+A9-
08908f:6E>+A9-
09065d:6E>+93-
09066c:6E>+96-
09449f:3E>+A9-
09590e:6E>+A9-
10126e:3E>+A9-
10272e:6E>+A9-
10375e:6E>+AA-
10655a:3E>+AC-

-----------------------------------------------
Date: 05.12.2015 - 12:39:46
End log file
