Terminal log file
Date: 05.12.2015 - 
-----------------------------------------------
02506a:CB<+A0-
02506e:CA>+1F-
02507c:CA>+A3-
02508c:CA>+A9-
02509e:3E>+A9-
02524d:3E>+A6-
03015e:3E>+A9-
03189f:CA>+A9-
03521e:3E>+A9-
03871f:CA>+A9-
04027e:3E>+A9-
04533f:3E>+A9-
04553e:CA>+A9-
05039f:3E>+A9-
05235e:CA>+A9-
05268a:CA>+B9-
05545f:3E>+A9-
05917d:CA>+A9-
06051f:3E>+A9-
06162b:CA>+B2-
06557f:3E>+A9-
06599d:CA>+A9-
07063f:3E>+A9-
07281d:CA>+A9-
07569f:3E>+A9-
07963c:CA>+A9-
08067d:CA>+B6-
08075f:3E>+A9-
08581f:3E>+A9-
08645c:CA>+A9-
09088a:3E>+A9-
09215b:CA>+B1-
09327c:CA>+A9-
09594a:3E>+A9-
10009b:CA>+A9-
10100a:3E>+A9-
10113c:CA>+B2-
10606a:3E>+A9-
10691b:CA>+A9-
00189c:3E>+A9-
00450c:CA>+A9-
00695c:3E>+A9-
00797f:3E>+A5-
00802b:3E>+93-
00808c:3E>+96-
00822c:3E>+9C-
00828c:C9<-
00953c:3E>+93-
00959d:3E>+96-
00973d:3E>+9C-
00979e:3E>+9A-
01104e:3E>+93-
01110e:3E>+96-
01124f:3E>+9C-
01130f:3E>+9A-
01132c:CA>+A9-
01255f:3E>+93-
01261f:3E>+96-
01276a:3E>+9C-
01282a:3E>+9A-
01407a:3E>+93-
01413a:3E>+96-
01427b:3E>+9C-
01433b:3E>+9A-
01558b:3E>+93-
01564c:3E>+96-
01578c:3E>+9C-
01584d:3E>+9A-
01709d:3E>+93-
01715d:3E>+96-
01729d:3E>+9C-
01735e:3E>+9A-
01813b:00>+63+6C+6B+0F+0C+05+0C+2A+00+00+00+00+00+00+00+00+
01818d:CA>+A9-
01860e:3E>+93-
01866e:3E>+96-
01941b:3E>+9C-
01947c:3E>+9A-
01961c:3E>+93-
01967d:3E>+96-
01981d:3E>+9C-
01987e:3E>+9A-
02011f:3E>+93-
02017f:3E>+96-
02052b:3E>+9C-
02058b:3E>+9A-
02072c:3E>+93-
02078c:3E>+96-
02079a:00>+63+6C+6B+0F+0C+05+0C+2A+00+00+00+00+00+00+00+00+
02132f:3E>+9C-
02138f:3E>+9A-
02163a:3E>+93-
02169a:3E>+96-
02183b:3E>+9C-
02189b:3E>+9A-
02223d:3E>+93-
02229d:3E>+96-
02243e:3E>+9C-
02249e:3E>+9A-
02314b:3E>+93-
02320c:3E>+96-
02354d:3E>+9C-
02360e:3E>+9A-
02394f:3E>+93-
02400f:3E>+96-
02415a:3E>+9C-
02421a:3E>+9A-
02465c:3E>+93-
02471d:3E>+96-
02496c:CA>+A9-
02566b:3E>+9C-
02572c:3E>+9A-
02616e:3E>+93-
02622e:3E>+96-
02677b:3E>+9C-
02683b:3E>+9A-
02767f:3E>+93-
02773f:3E>+96-
02788a:3E>+9C-
02794a:3E>+9A-
02848d:3E>+93-
02854d:3E>+96-
02868e:3E>+9C-
02874e:3E>+9A-
02919a:3E>+93-
02925a:3E>+96-
02939b:3E>+9C-
02945b:3E>+9A-
02979d:3E>+93-
02985d:3E>+96-
03019f:3E>+9C-
03025f:3E>+9A-
03070b:3E>+93-
03076c:3E>+96-
03130e:3E>+9C-
03136e:3E>+9A-
03178b:CA>+A9-
03221c:3E>+93-
03227d:3E>+96-
03241d:3E>+9C-
03247e:3E>+9A-
03281f:3E>+93-
03288a:3E>+96-
03322b:3E>+9C-
03328c:3E>+9A-
03372e:3E>+93-
03378e:3E>+96-
03413a:3E>+9C-
03419a:3E>+9A-
03453c:3E>+93-
03459c:3E>+96-
03473d:3E>+9C-
03479d:3E>+9A-
03523f:3E>+93-
03529f:3E>+96-
03544a:3E>+9C-
03550a:3E>+9A-
03604d:3E>+93-
03610d:3E>+96-
03624e:27<+
03630e:3E>+9A-
03675a:3E>+93-
03681a:3E>+96-
03775f:3E>+9C-
03781f:3E>+9A-
03826b:3E>+93-
03832c:3E>+96-
03860a:CA>+A9-
03886e:3E>+9C-
03892e:3E>+9A-
03906f:3E>+93-
03912f:3E>+96-
03947b:3E>+9C-
03953b:3E>+9A-
03977d:3E>+93-
03983d:3E>+96-
04037f:3E>+9C-
04044a:3E>+9A-
04058a:3E>+93-
04064b:3E>+96-
04098c:3E>+9C-
04104d:3E>+9A-
04128e:C9<+
04134e:3E>+96-
04148f:3E>+9C-
04154f:3E>+9A-
04209c:3E>+93-
04215c:3E>+96-
04229d:3E>+9C-
04235d:3E>+9A-
04279f:3E>+93-
04285f:3E>+96-
04300a:3E>+9C-
04306a:3E>+9A-
04340c:3E>+93-
04346c:3E>+96-
04380e:3E>+9C-
04386e:3E>+9A-
04431a:3E>+93-
04437a:3E>+96-
04471c:3E>+9C-
04477c:3E>+9A-
04531f:3E>+93-
04537f:3E>+96-
04542a:CA>+A9-
04552a:3E>+9C-
04558a:3E>+9A-
04582b:3E>+93-
04588c:3E>+96-
04622d:3E>+9C-
04628e:C9<-
04642e:3E>+93-
04648f:3E>+96-
04662f:3E>+9C-
04668f:3E>+9A-
04683a:3E>+93-
04689a:3E>+96-
04703b:3E>+9C-
04709b:3E>+9A-
04733d:3E>+93-
04739d:3E>+96-
04753d:3E>+9C-
04759e:3E>+9A-
04814a:3E>+93-
04820b:3E>+96-
04834b:3E>+9C-
04840c:3E>+9A-
04884e:3E>+93-
04890e:3E>+96-
04965c:3E>+9C-
04971c:3E>+9A-
04985d:3E>+93-
04991d:3E>+96-
05005e:3E>+9C-
05011e:3E>+9A-
05035f:3E>+93-
05041f:3E>+96-
05076b:3E>+9C-
05082b:3E>+9A-
05096c:3E>+93-
05102c:3E>+96-
05156f:3E>+9C-
05162f:3E>+9A-
05224a:CA>+A9-
05668f:3E>+9A-
05906a:CA>+A9-
06174f:3E>+9A-
06587f:CA>+A9-
06680f:3E>+9A-
07186f:3E>+9A-
07269f:CA>+A9-
07616c:CA>+93-
07617c:CA>+96-
07636d:CA>+9C-
07637d:CA>+9A-
07676b:CA>+93-
07677a:CA>+96-
07693a:3E>+9A-
07696c:CA>+9C-
07697b:CA>+9A-
07765f:CA>+93-
07766f:CA>+96-
07787c:CA>+9C-
07788b:CA>+9A-
07806c:CA>+93-
07807c:CA>+96-
07846f:CA>+9C-
07847f:CA>+9A-
07866a:CA>+93-
07866f:CA>+96-
07886b:CA>+9C-
07887a:CA>+9A-
07951f:CA>+A9-
08199a:3E>+9A-
08633f:CA>+A9-
08642d:3E>+93-
08649a:3E>+96-
08662e:3E>+9C-
08668e:3E>+9A-
08793e:3E>+93-
08800a:3E>+96-
08874c:3E>+9C-
08880c:3E>+9A-
08894d:3E>+93-
08900d:3E>+96-
08914e:3E>+9C-
08920e:3E>+9A-
08944f:3E>+93-
08951a:3E>+96-
08985b:3E>+9C-
08991b:3E>+9A-
09005c:3E>+93-
09011c:3E>+96-
09065f:3E>+9C-
09071f:3E>+9A-
09096b:24>-
09102b:3E>+96-
09116b:3E>+9C-
09122c:3E>+9A-
09157e:24>-
09162e:3E>+96-
09176e:3E>+9C-
09182f:3E>+9A-
09247c:3E>+93-
09253c:3E>+96-
09315d:CA>+A9-
09328a:3E>+9C-
09334a:3E>+9A-
09398e:3E>+93-
09404d:3E>+96-
09418e:27<+
09424e:3E>+9A-
09459a:3E>+93-
09465a:3E>+96-
09499c:3E>+9C-
09505c:3E>+9A-
09550a:24>-
09555e:3E>+96-
09569f:3E>+9C-
09575f:3E>+9A-
09590a:3E>+93-
09596a:3E>+96-
09610b:3E>+9C-
09616b:3E>+9A-
09630c:3E>+93-
09636c:3E>+96-
09650d:3E>+9C-
09656d:3E>+9A-
09700f:3E>+93-
09707a:3E>+96-
09721a:3E>+9C-
09727b:3E>+9A-
09781d:3E>+93-
09787d:3E>+96-
09801e:3E>+9C-
09807e:3E>+9A-
09852a:24>-
09858b:3E>+96-
09872b:3E>+9C-
09878c:3E>+9A-
09912d:3E>+93-
09918e:3E>+96-
09952f:3E>+9C-
09959a:C9<-
09997e:CA>+A9-
10003c:3E>+93-
10009c:3E>+96-
10023d:3E>+9C-
10029d:3E>+9A-
10154d:3E>+93-
10160d:3E>+96-
10174e:3E>+9C-
10180e:3E>+9A-
10215a:3E>+93-
10221a:3E>+96-
10275d:3E>+9C-
10281d:3E>+9A-
10313f:3E>+93-
10319f:3E>+96-
10374b:3E>+9C-
10380c:3E>+9A-
10394c:3E>+93-
10400d:3E>+96-
10434e:3E>+9C-
10440f:3E>+9A-
10485b:3E>+93-
10491b:3E>+96-
10586a:3E>+9C-
10592a:3E>+9A-
10656d:3E>+93-
10662d:3E>+96-
10679d:CA>+A9-
10696f:3E>+9C-
10702f:3E>+9A-
10717a:3E>+93-
10723a:3E>+96-
10737b:3E>+9C-
10743b:3E>+9A-
10757c:3E>+93-
10763c:3E>+96-
10777d:3E>+9C-
10783d:3E>+9A-
10825f:3E>+93-
10831f:3E>+96-
10846a:27<+
10852a:3E>+9A-
10866b:3E>+93-
10872b:3E>+96-
00024b:3E>+9C-
00030b:3E>+9A-
00074d:3E>+93-
00080d:3E>+96-
00094e:3E>+9C-
00100e:3E>+9A-
00155b:3E>+93-
00161b:3E>+96-
00195d:3E>+9C-
00201d:3E>+9A-
00243f:3E>+93-
00249f:25<-
00304c:3E>+9C-
00310e:26>-
00324d:3E>+93-
00330d:3E>+96-
00364f:3E>+9C-
00370f:3E>+9A-
00415b:24>-
00421c:3E>+96-
00435c:3E>+9C-
00438e:CA>+A9-
00441d:3E>+9A-
00455d:3E>+93-
00461e:3E>+96-
00495f:3E>+9C-
00501f:3E>+9A-
00516a:3E>+93-
00522a:3E>+96-
00536b:3E>+9C-
00542b:3E>+9A-
00584d:3E>+93-
00590e:3E>+96-
00604e:3E>+9C-
00610f:3E>+9A-
01116f:3E>+9A-
01120e:CA>+A9-
01622f:3E>+9A-
01661c:CA>+93-
01662c:CA>+96-
01682d:CA>+9C-
01683d:CA>+9A-
01802e:CA>+A9-
01811f:CA>+93-
01812f:CA>+96-
01891e:CA>+9C-
01892d:CA>+9A-
01911f:CA>+93-
01912e:CA>+96-
01932b:CA>+9C-
01933a:CA>+9A-
01962c:CA>+93-
01963c:CA>+96-
02001f:CA>+9C-
02002e:CA>+9A-
02022a:CA>+93-
02022f:CA>+96-
02082e:CA>+9C-
02083d:CA>+9A-
02112a:CA>+93-
02112f:CA>+96-
02128f:3E>+9A-
02132b:CA>+9C-
02133a:CA>+9A-
02171d:CA>+93-
02172c:CA>+96-
02191f:CA>+9C-
02192e:CA>+9A-
02262d:CA>+93-
02263c:CA>+96-
02303a:CA>+9C-
02303f:CA>+9A-
02342c:CA>+93-
02343b:CA>+96-
02382e:CA>+9C-
02383d:CA>+9A-
02412a:CA>+93-
02412f:CA>+96-
02484d:CA>+A9-
02512a:CA>+9C-
02513a:CA>+9A-
02562d:CA>+93-
02563d:CA>+96-
02582e:CA>+9C-
02583e:CA>+9A-
02634f:3E>+9A-
02642b:CA>+93-
02643b:CA>+96-
02682e:CA>+9C-
02683e:CA>+9A-
02712a:CA>+93-
02712f:CA>+96-
02791f:CA>+9C-
02792f:CA>+9A-
02862d:CA>+93-
02863d:CA>+96-
02942c:CA>+9C-
02943b:CA>+9A-
03012b:CA>+93-
03013a:CA>+96-
03032c:CA>+9C-
03033b:CA>+9A-
03072e:CA>+93-
03073e:CA>+96-
03112a:CA>+9C-
03113a:CA>+9A-
03140f:3E>+9A-
03162e:CA>+93-
03163d:CA>+96-
03166d:CA>+A9-
03203a:CA>+9C-
03204a:CA>+9A-
03222c:CA>+93-
03224f:CA>+96-
03242c:CA>+9C-
03243c:CA>+9A-
03262d:CA>+93-
03263d:CA>+96-
03282f:CA>+9C-
03283f:CA>+9A-
03312b:CA>+93-
03313a:CA>+96-
03372f:CA>+9C-
03373e:CA>+9A-
03392f:CA>+93-
03393f:CA>+96-
03433c:CA>+9C-
03434c:CA>+9A-
03462e:CA>+93-
03463f:CA>+96-
03482f:CA>+9C-
03483e:CA>+9A-
03612b:CA>+93-
03613a:CA>+96-
03646f:26>-
03672f:CA>+9C-
03673e:CA>+9A-
03693a:CA>+93-
03693f:CA>+96-
03712b:CA>+9C-
03713a:CA>+9A-
03762e:CA>+93-
03763e:CA>+96-
03783a:CA>+9C-
03783f:CA>+9A-
03823c:CA>+93-
03824b:CA>+96-
03848d:CA>+A9-
03882f:CA>+9C-
03883f:CA>+9A-
03913b:CA>+93-
03914b:CA>+96-
03933d:CA>+9C-
03934c:CA>+9A-
03972f:CA>+93-
03973e:CA>+96-
04012b:CA>+9C-
04013b:CA>+9A-
04062e:CA>+93-
04063e:CA>+96-
04082f:CA>+9C-
04083f:CA>+9A-
04103b:CA>+93-
04104b:CA>+96-
04152f:3E>+9A-
04183a:CA>+9C-
04183f:CA>+9A-
04213c:CA>+93-
04214b:CA>+96-
04272f:CA>+9C-
04273f:CA>+9A-
04293a:CA>+93-
04294a:CA>+96-
04333d:CA>+9C-
04334d:CA>+9A-
04362f:CA>+93-
04363f:CA>+96-
04384a:CA>+9C-
04384f:CA>+9A-
04403b:CA>+93-
04404b:CA>+96-
04443d:CA>+9C-
04444d:CA>+9A-
04463f:CA>+93-
04464f:CA>+96-
04484a:CA>+9C-
04485a:CA>+9A-
04513c:CA>+93-
04514c:CA>+96-
04530d:CA>+A9-
04533d:CA>+9C-
04534d:CA>+9A-
04659a:3E>+9A-
05165a:3E>+9A-
05212c:CA>+A9-
05298c:CA>+93-
05299c:CA>+96-
05378b:CA>+9C-
05379a:CA>+9A-
05398c:CA>+93-
05399b:CA>+96-
05418e:CA>+9C-
05419d:CA>+9A-
05535e:CA>+93-
05536e:CA>+96-
05576b:CA>+9C-
05577b:CA>+9A-
05596c:CA>+93-
05597c:CA>+96-
05656a:CA>+9C-
05656f:CA>+9A-
05671a:3E>+9A-
05726e:CA>+93-
05727d:CA>+96-
05766b:CA>+9C-
05767a:CA>+9A-
05786c:CA>+93-
05787b:CA>+96-
05847a:CA>+9C-
05847f:CA>+9A-
05894b:CA>+A9-
06148a:CA>+93-
06148f:CA>+96-
06177a:3E>+9A-
06208d:CA>+9C-
06209d:CA>+9A-
06228f:CA>+93-
06229f:CA>+96-
06248a:CA>+9C-
06248f:CA>+9A-
06355a:CA>+93-
06356c:CA>+96-
06375b:CA>+9C-
06376b:CA>+9A-
06415e:CA>+93-
06416d:CA>+96-
06476c:CA>+9C-
06477b:CA>+9A-
06570c:CA>+93-
06571b:CA>+96-
06576b:CA>+A9-
06610e:CA>+9C-
06611e:CA>+9A-
06629f:CA>+93-
06630e:CA>+96-
06670c:CA>+9C-
06671b:CA>+9A-
06683a:3E>+9A-
06720f:CA>+93-
06721e:CA>+96-
06761c:CA>+9C-
06762b:CA>+9A-
06780c:CA>+93-
06781c:CA>+96-
06820f:CA>+9C-
06821f:CA>+9A-
06935a:CA>+93-
06936a:CA>+96-
07014f:CA>+9C-
07015e:CA>+9A-
07189a:3E>+9A-
07258b:CA>+A9-
07265c:CA>+93-
07266c:CA>+96-
07325a:CA>+9C-
07325f:CA>+9A-
07345b:CA>+93-
07346a:CA>+96-
07385d:CA>+9C-
07386c:CA>+9A-
07553b:CA>+93-
07554b:CA>+96-
07612f:CA>+9C-
07613e:CA>+9A-
07633a:CA>+93-
07634a:CA>+96-
07652c:CA>+9C-
07653b:CA>+9A-
07695a:3E>+9A-
07769d:CA>+93-
07770c:CA>+96-
07789e:CA>+9C-
07790d:CA>+9A-
07809f:CA>+93-
07810f:CA>+96-
07889e:CA>+9C-
07890d:CA>+9A-
07920a:CA>+93-
07921a:CA>+96-
07940a:CA>+A9-
07980d:CA>+9C-
07982f:CA>+9A-
08020a:CA>+93-
08021a:CA>+96-
08040b:CA>+9C-
08041b:CA>+9A-
08069d:CA>+93-
08070d:CA>+96-
08130b:CA>+9C-
08131a:CA>+9A-
08170e:CA>+93-
08171d:CA>+96-
08190f:CA>+9C-
08191e:CA>+9A-
08201a:3E>+9A-
08259d:CA>+93-
08260c:CA>+96-
08300a:CA>+9C-
08300f:CA>+9A-
08339c:CA>+93-
08340b:CA>+96-
08379e:CA>+9C-
08380e:CA>+9A-
08493f:CA>+93-
08494f:CA>+96-
08554d:CA>+9C-
08555c:CA>+9A-
08594f:CA>+93-
08595e:CA>+96-
08615b:CA>+9C-
08616a:CA>+9A-
08622a:CA>+A9-
08707b:3E>+9A-
08719a:CA>+93-
08720a:CA>+96-
08759e:CA>+9C-
08760d:CA>+9A-
08778e:CA>+93-
08779e:CA>+96-
08799a:CA>+9C-
08800a:CA>+9A-
09010a:CA>+93-
09011a:CA>+96-
09030b:CA>+9C-
09031b:CA>+9A-
09069e:CA>+93-
09070e:CA>+96-
09089f:CA>+9C-
09090f:CA>+9A-
09159e:CA>+93-
09160d:CA>+96-
09213b:3E>+9A-
09220b:CA>+9C-
09221b:CA>+9A-
09259e:CA>+93-
09260e:CA>+96-
09279f:CA>+9C-
09280f:CA>+9A-
09304a:CA>+A9-
09310b:CA>+93-
09311a:CA>+96-
09370f:CA>+9C-
09371e:CA>+9A-
09390a:CA>+93-
09391a:CA>+96-
09430c:CA>+9C-
09431c:CA>+9A-
09552e:CA>+93-
09553d:CA>+96-
09573f:CA>+9C-
09574f:CA>+9A-
09703a:CA>+93-
09704a:CA>+96-
09719b:3E>+9A-
09723c:CA>+9C-
09724c:CA>+9A-
09743d:CA>+93-
09744d:CA>+96-
09763e:CA>+9C-
09764e:CA>+9A-
09804b:CA>+93-
09805b:CA>+96-
09824c:CA>+9C-
09825c:CA>+9A-
09853e:CA>+93-
09854d:CA>+96-
09894b:CA>+9C-
09895a:CA>+9A-
09914c:CA>+93-
09915b:CA>+96-
09934d:CA>+9C-
09935c:CA>+9A-
09953e:CA>+93-
09954e:CA>+96-
09973f:CA>+9C-
09974f:CA>+9A-
09986a:CA>+A9-
10004c:CA>+93-
10005b:CA>+96-
10024d:CA>+9C-
10025c:CA>+9A-
10044e:CA>+93-
10045d:CA>+96-
10124c:CA>+9C-
10125c:CA>+9A-
10177a:CA>+93-
10177f:CA>+96-
10197b:CA>+9C-
10198c:CA>+9A-
10217c:CA>+93-
10218c:CA>+96-
10225b:3E>+9A-
10256f:CA>+9C-
10257e:CA>+9A-
10278a:CA>+93-
10279a:CA>+96-
10297b:CA>+9C-
10298b:CA>+9A-
10327d:CA>+93-
10328d:CA>+96-
10387b:CA>+9C-
10388b:CA>+9A-
10407c:CA>+93-
10408b:CA>+96-
10447e:CA>+9C-
10448d:CA>+9A-
10667f:CA>+A9-
10731b:3E>+9A-
00179f:CA>+93-
00180e:CA>+96-
00239c:CA>+9C-
00240c:CA>+9A-
00259d:CA>+93-
00260d:CA>+96-
00279e:CA>+9C-
00280e:CA>+9A-
00314d:3E>+9A-
00410b:CA>+93-
00411a:CA>+96-
00427a:CA>+A9-
00449c:CA>+9C-
00450c:CA>+9A-
00489f:CA>+93-
00490f:CA>+96-
00530c:CA>+9C-
00531c:CA>+9A-
00559d:CA>+93-
00560d:CA>+96-
00579e:CA>+9C-
00580e:CA>+9A-
00600a:CA>+93-
00600f:CA>+96-
00680f:CA>+9C-
00681e:CA>+9A-
00764e:CA>+93-
00767b:CA>+96-
00805b:CA>+9C-
00806a:CA>+9A-
00820d:3E>+9A-
00825c:CA>+93-
00826b:CA>+96-
00845d:CA>+9C-
00846c:CA>+9A-
00865e:CA>+93-
00866d:CA>+96-
00884f:CA>+9C-
00885f:CA>+9A-
00915b:CA>+93-
00916b:CA>+96-
00974f:CA>+9C-
00975e:CA>+9A-
00995b:CA>+93-
00996a:CA>+96-
01035d:CA>+9C-
01036c:CA>+9A-
01109a:CA>+A9-
01133c:CA>+93-
01134c:CA>+96-
01194a:CA>+9C-
01195a:CA>+9A-
01326d:3E>+9A-
01381f:CA>+93-
01382f:CA>+96-
01422c:CA>+9C-
01423c:CA>+9A-
01462f:CA>+93-
01463e:CA>+96-
01502b:CA>+9C-
01503b:CA>+9A-
01542d:CA>+93-
01543d:CA>+96-
01642d:CA>+9C-
01643d:CA>+9A-
01745e:CA>+93-
01746d:CA>+96-
01791a:CA>+A9-
01805c:CA>+9C-
01806b:CA>+9A-
01825d:CA>+93-
01826c:CA>+96-
01832d:3E>+9A-
01865f:CA>+9C-
01866e:CA>+9A-
01954e:CA>+93-
01955e:CA>+96-
01975a:CA>+9C-
01976a:CA>+9A-
01994b:CA>+93-
01995a:CA>+96-
02074a:CA>+9C-
02075a:CA>+9A-
02150f:CA>+93-
02151e:CA>+96-
02191b:CA>+9C-
02192a:CA>+9A-
02230d:CA>+93-
02231d:CA>+96-
02271a:CA>+9C-
02272a:CA>+9A-
02338d:3E>+9A-
02388b:CA>+93-
02389a:CA>+96-
02448f:CA>+9C-
02449e:CA>+9A-
02473a:CA>+A9-
02488c:CA>+93-
02489b:CA>+96-
02508d:CA>+9C-
02509c:CA>+9A-
02543f:CA>+93-
02544e:CA>+96-
02563f:CA>+9C-
02564f:CA>+9A-
02584b:CA>+93-
02585b:CA>+96-
02664a:CA>+9C-
02665a:CA>+9A-
02694c:CA>+93-
02695b:CA>+96-
02755a:CA>+9C-
02755f:CA>+9A-
02844e:3E>+9A-
02859a:CA>+93-
02860a:CA>+96-
02919d:CA>+9C-
02920d:CA>+9A-
02939e:CA>+93-
02940e:CA>+96-
02980b:CA>+9C-
02981b:CA>+9A-
03154f:CA>+A9-
03256a:CA>+93-
03257a:CA>+96-
03276b:CA>+9C-
03277b:CA>+9A-
03350e:3E>+9A-
03356a:CA>+93-
03357a:CA>+96-
03376b:CA>+9C-
03377b:CA>+9A-
03456a:CA>+93-
03456f:CA>+96-
03496d:CA>+9C-
03497c:CA>+9A-
03516e:CA>+93-
03517d:CA>+96-
03556a:CA>+9C-
03557a:CA>+9A-
03605e:CA>+93-
03606d:CA>+96-
03626f:CA>+9C-
03627f:CA>+9A-
03647a:CA>+93-
03648a:CA>+96-
03726f:CA>+9C-
03727e:CA>+9A-
03756b:CA>+93-
03757a:CA>+96-
03796d:CA>+9C-
03797c:CA>+9A-
03836f:CA>+A9-
03837f:CA>+93-
03838e:CA>+96-
03856e:3E>+9A-
03876c:CA>+9C-
03877b:CA>+9A-
03912e:CA>+93-
03913e:CA>+96-
03973c:CA>+9C-
03974c:CA>+9A-
04012e:CA>+93-
04013e:CA>+96-
04032f:CA>+9C-
04033f:CA>+9A-
04063b:CA>+93-
04064a:CA>+96-
04082c:CA>+9C-
04083c:CA>+9A-
04102e:CA>+93-
04103d:CA>+96-
04182d:CA>+9C-
04183d:CA>+9A-
04212f:CA>+93-
04213e:CA>+96-
04272c:CA>+9C-
04273c:CA>+9A-
04312f:CA>+93-
04313e:CA>+96-
04333a:CA>+9C-
04333f:CA>+9A-
04362c:CA>+93+
04363a:3E>+9A-
04363e:CA>+96-
04422f:CA>+9C-
04423f:CA>+9A-
04443b:CA>+93-
04444a:CA>+96-
04483d:CA>+9C-
04484d:CA>+9A-
04518e:CA>+A9-
04652b:CA>+93-
04653b:CA>+96-
04752c:CA>+9C-
04753b:CA>+9A-
04802f:CA>+93-
04803e:CA>+96-
04823a:CA>+9C-
04823f:CA>+9A-
04843b:CA>+93-
04844a:CA>+96-
04868e:3E>+9A-
04923a:CA>+9C-
04924a:CA>+9A-
04986d:CA>+93-
04987d:CA>+96-
05007f:CA>+9C-
05008f:CA>+9A-
05027b:CA>+93-
05028a:CA>+96-
05047c:CA>+9C-
05048b:CA>+9A-
05067d:CA>+93-
05068c:CA>+96-
05108a:CA>+9C-
05108f:CA>+9A-
05137b:CA>+93-
05138a:CA>+96-
05200e:CA>+A9-
05237b:CA>+9C-
05238b:CA>+9A-
05374e:3E>+9A-
05752c:CA>+93-
05753c:CA>+96-
05773e:CA>+9C-
05774d:CA>+9A-
05813b:CA>+93-
05814a:CA>+96-
05832b:CA>+9C-
05833b:CA>+9A-
05880e:3E>+9A-
05882e:CA>+A9-
05903a:CA>+93-
05903f:CA>+96-
05962e:CA>+9C-
05963d:CA>+9A-
06052d:CA>+93-
06053c:CA>+96-
06113b:CA>+9C-
06114a:CA>+9A-
06203a:CA>+93-
06203f:CA>+96-
06262d:CA>+9C-
06263d:CA>+9A-
06386e:3E>+9A-
06564d:CA>+A9-
06586a:CA>+93-
06586f:CA>+96-
06665f:CA>+9C-
06666e:CA>+9A-
06686a:CA>+93-
06686f:CA>+96-
06706a:CA>+9C-
06707a:CA>+9A-
06828c:CA>+93-
06829c:CA>+96-
06868e:CA>+9C-
06869e:CA>+9A-
06889a:CA>+93-
06890a:CA>+96-
06892f:3E>+9A-
06949d:CA>+9C-
06950d:CA>+9A-
07246d:CA>+A9-
07398f:3E>+9A-
07904f:3E>+9A-
07928d:CA>+A9-
08027e:CA>+93-
08028d:CA>+96-
08047f:CA>+9C-
08048e:CA>+9A-
08067a:CA>+93-
08068a:CA>+96-
08127d:CA>+9C-
08128d:CA>+9A-
08187c:CA>+93-
08188b:CA>+96-
08207d:CA>+9C-
08208c:CA>+9A-
08227e:CA>+93-
08228d:CA>+96-
08287b:CA>+9C-
08288b:CA>+9A-
08345f:CA>+93-
08346e:CA>+96-
08365a:CA>+9C-
08366a:CA>+9A-
08385b:CA>+93-
08386b:CA>+96-
08410f:3E>+9A-
08445f:CA>+9C-
08446e:CA>+9A-
08509c:CA>+93-
08510c:CA>+96-
08529e:CA>+9C-
08530d:CA>+9A-
08549f:CA>+93-
08550f:CA>+96-
08609d:CA>+9C-
08610d:CA>+9A-
08611b:CA>+A9-
08667b:CA>+93-
08668b:CA>+96-
08687c:CA>+9C-
08688c:CA>+9A-
08707d:CA>+93-
08708d:CA>+96-
08768a:CA>+9C-
08769a:CA>+9A-
08817e:CA>+93-
08818d:CA>+96-
08837f:CA>+9C-
08838e:CA>+9A-
08858a:CA>+93-
08859a:CA>+96-
08916f:3E>+9A-
08917e:CA>+9C-
08918e:CA>+9A-
09058a:CA>+93-
09059a:CA>+96-
09138f:CA>+9C-
09139f:CA>+9A-
09159a:CA>+93-
09160a:CA>+96-
09179c:CA>+9C-
09180c:CA>+9A-
09289c:CA>+93-
09290c:CA>+96-
09292c:CA>+A9-
09329e:CA>+9C-
09330e:CA>+9A-
09350a:CA>+93-
09351a:CA>+96-
09410e:CA>+9C-
09411e:CA>+9A-
09422f:3E>+9A-
09697d:CA>+93-
09698d:CA>+96-
09718f:CA>+9C-
09719e:CA>+9A-
09737f:CA>+93-
09738f:CA>+96-
09778c:CA>+9C-
09779c:CA>+9A-
09798d:CA>+93-
09799d:CA>+96-
09818e:CA>+9C-
09819e:CA>+9A-
09928f:3E>+9A-
09974c:CA>+A9-
10435a:3E>+9A-
10570a:3E>+93-
10576c:3E>+96-
10590b:3E>+9C-
10596b:3E>+9A-
10656c:CA>+A9-
10721b:3E>+93-
10727b:3E>+96-
10801f:3E>+9C-
10807f:3E>+9A-
10822a:24>-
10828a:3E>+96-
10842b:3E>+9C-
10848b:3E>+9A-
10872c:24>-
10878d:3E>+96-
10912e:3E>+9C-
10918e:3E>+9A-
00010b:3E>+93-
00016b:3E>+96-
00070e:3E>+9C-
00076e:3E>+9A-
00100f:24>-
00107a:3E>+96-
00121a:3E>+9C-
00127b:3E>+9A-
00161c:24>-
00167d:3E>+96-
00181d:3E>+9C-
00187e:3E>+9A-
00252b:3E>+93-
00258b:3E>+96-
00332e:3E>+9C-
00338f:3E>+9A-
00403c:3E>+93-
00409c:3E>+96-
00415d:CA>+A9-
00423d:3E>+9C-
00429d:3E>+9A-
00463f:3E>+93-
00469f:3E>+96-
00504b:3E>+9C-
00510b:3E>+9A-
00554d:3E>+93-
00560d:3E>+96-
00574e:3E>+9C-
00580e:3E>+9A-
00594f:3E>+93-
00600f:3E>+96-
00615a:3E>+9C-
00621a:3E>+9A-
00635b:3E>+93-
00641b:3E>+96-
00655c:3E>+9C-
00661c:3E>+9A-
00705e:3E>+93-
00711f:3E>+96-
00725f:3E>+9C-
00732a:3E>+9A-
00786c:3E>+93-
00792c:3E>+96-
00806d:3E>+9C-
00812d:3E>+9A-
00856f:3E>+93-
00863a:3E>+96-
00877a:3E>+9C-
00883b:3E>+9A-
00917c:24>-
00923d:25<-
00957e:3E>+9C-
00963f:3E>+9A-
01008b:3E>+93-
01014b:3E>+96-
01028c:3E>+9C-
01034c:3E>+9A-
01097d:CA>+A9-
01159c:3E>+93-
01165c:3E>+96-
01179d:3E>+9C-
01185d:3E>+9A-
01219f:3E>+93-
01225f:3E>+96-
01280c:3E>+9C-
01286c:3E>+9A-
01318d:3E>+93-
01324e:3E>+96-
01379a:3E>+9C-
01385b:3E>+9A-
01399b:3E>+93-
01405c:3E>+96-
01439d:3E>+9C-
01445e:3E>+9A-
01487f:3E>+93-
01494a:3E>+96-
01588e:3E>+9C-
01594f:3E>+9A-
01659c:3E>+93-
01665c:3E>+96-
01699e:3E>+9C-
01705e:3E>+9A-
01719f:3E>+93-
01725f:3E>+96-
01740a:27<+
01746a:3E>+9A-
01760b:3E>+93-
01766b:3E>+96-
01779c:CA>+A9-
01780b:3E>+9C-
01786c:3E>+9A-
01828e:3E>+93-
01834e:3E>+96-
01848f:3E>+9C-
01854f:3E>+9A-
01869a:3E>+93-
01875a:3E>+96-
01949e:3E>+9C-
01955e:3E>+9A-
02000a:3E>+93-
02006a:3E>+96-
02020b:27<+
02026b:3E>+9A-
02080e:24>-
02086e:3E>+96-
02121a:3E>+9C-
02127a:3E>+9A-
02169c:3E>+93-
02175c:3E>+96-
02229f:3E>+9C-
02235f:3E>+9A-
02250a:3E>+93-
02256f:25<-
02290c:3E>+9C-
02296c:3E>+9A-
02340e:3E>+93-
02346e:3E>+96-
02360f:3E>+9C-
02366f:3E>+9A-
02381a:3E>+93-
02387a:3E>+96-
02421c:3E>+9C-
02427e:3E>+9A-
02441d:3E>+93-
02447d:3E>+96-
02461c:CA>+A9-
02462b:3E>+9C-
02467e:3E>+9A-
02512a:3E>+93-
02518b:3E>+96-
02532b:3E>+9C-
02538c:3E>+9A-
03044c:3E>+9A-
03143c:CA>+A9-
03444c:CA>+93-
03445c:CA>+96-
03464e:CA>+9C-
03465d:CA>+9A-
03504a:CA>+93-
03504f:CA>+96-
03524c:CA>+9C-
03525b:CA>+9A-
03550c:3E>+9A-
03593f:CA>+93-
03594f:CA>+96-
03673e:CA>+9C-
03674d:CA>+9A-
03694a:CA>+93-
03694f:CA>+96-
03714b:CA>+9C-
03715b:CA>+9A-
03749d:CA>+93-
03750c:CA>+96-
03790a:CA>+9C-
03790f:CA>+9A-
03810b:CA>+93-
03811a:CA>+96-
03825c:CA>+A9-
03870f:CA>+9C-
03871e:CA>+9A-
03921c:CA>+93-
03922b:CA>+96-
03960e:CA>+9C-
03961d:CA>+9A-
03980f:CA>+93-
03981f:CA>+96-
04041d:CA>+9C-
04042c:CA>+9A-
04056c:3E>+9A-
04092a:CA>+93-
04093a:CA>+96-
04132d:CA>+9C-
04133c:CA>+9A-
04151e:CA>+93-
04152e:CA>+96-
04212b:CA>+9C-
04213b:CA>+9A-
04251e:CA>+93-
04252d:CA>+96-
04292a:CA>+9C-
04293a:CA>+9A-
04311c:CA>+93-
04312b:CA>+96-
04372f:CA>+9C-
04373f:CA>+9A-
04403b:CA>+93-
04404a:CA>+96-
04443e:CA>+9C-
04444d:CA>+9A-
04463f:CA>+93-
04464e:CA>+96-
04507b:CA>+A9-
04523c:CA>+9C-
04524c:CA>+9A-
04562c:3E>+9A-
04566f:CA>+93-
04567f:CA>+96-
04607b:CA>+9C-
04608b:CA>+9A-
04627d:CA>+93-
04628d:CA>+96-
04688a:CA>+9C-
04689a:CA>+9A-
05068c:3E>+9A-
05189a:CA>+A9-
05292b:CA>+93-
05293b:CA>+96-
05574c:3E>+9A-
05871a:CA>+A9-
06080c:3E>+9A-
06552f:CA>+A9-
06586c:3E>+9A-
06602c:CA>+AA-
06603f:3E>+AC-

-----------------------------------------------
Date: 05.12.2015 - 
End log file
