Terminal log file
Date: 05.12.2015 - 
-----------------------------------------------
05492a:CF<-
06116d:3F<+80-
06117b:3E>+21-
06117f:3E>+A3-
06118d:42>+A9-
06119b:3E>+A9-06498d:42>+A9-
06800a:42>+A9-
06800e:3E>+A9-
06922e:00>+63+6C+6B+0F+0C+05+0C+2F+00+00+00+00+00+00+00+00+
07183d:00>+63+6C+6B+0F+0C+05+0C+2F+00+00+00+00+00+00+00+00+
07481f:42>+A9-
07482d:3E>+A9-
08163f:42>+A9-
08164e:3E>+A9-
08845e:42>+A9-
08846d:3E>+A9-
09527e:42>+A9-
09528d:3E>+A9-
10209e:42>+A9-
10210c:3E>+A9-
10891d:42>+A9-
10892c:3E>+A9-
00650f:42>+A9-
00651d:3E>+A9-
01332f:42>+A9-
01333d:3E>+A9-
02014f:42>+A9-
02015d:3E>+A9-
02696e:42>+A9-
02697c:3E>+A9-
03378e:42>+A9-
03379c:3E>+A9-
04060e:42>+A9-
04061c:3E>+A9-
04742d:42>+A9-
04743c:3E>+A9-
05424d:42>+A9-
05425c:3E>+A9-
06106c:42>+A9-
06107c:3E>+A9-
06788c:42>+A9-
06789c:3E>+A9-
07470b:42>+A9-
07471c:3E>+A9-
08105f:3E>+93-
08106f:3E>+96-
08125b:3E>+9C-
08126b:3E>+9A-
08152b:42>+A9-
08153c:3E>+A9-
08756d:3E>+93-
08757d:3E>+96-
08817b:3E>+9C-
08818b:3E>+9A-
08834b:42>+A9-
08835b:3E>+A9-
08837c:3E>+93-
08838c:3E>+96-
08856d:3E>+9C-
08857d:3E>+9A-
09348d:3E>+93-
09349d:3E>+96-
09368f:3E>+9C-
09369e:3E>+9A-
09409b:3E>+93-
09410b:3E>+96-
09468e:3E>+9C-
09469e:3E>+9A-
09516a:42>+A9-
09517b:3E>+A9-
09903b:3E>+93-
09904b:3E>+96-
09942e:3E>+9C-
09943e:3E>+9A-
09962f:3E>+93-
09963f:3E>+96-
10003c:3E>+9C-
10004b:3E>+9A-
10141e:3E>+93-
10142e:3E>+96-
10181a:3E>+9C-
10182a:3E>+9A-
10198a:42>+A9-
10199b:3E>+A9-
10201b:3E>+93-
10202b:3E>+96-
10240e:3E>+9C-
10241e:3E>+9A-
10482b:3E>+93-
10483a:3E>+96-
10562a:3E>+9C-
10562f:3E>+9A-
10877b:3E>+93-
10878b:3E>+96-
10880a:42>+A9-
10881b:3E>+A9-
00014b:3E>+9C-
00015b:3E>+9A-
00034c:3E>+93-
00035c:3E>+96-
00074f:27<+
00075e:3E>+9A-
00344e:3E>+93-
00345d:3E>+96-
00364f:3E>+9C-
00365e:3E>+9A-
00385a:3E>+93-
00385f:3E>+96-
00405b:3E>+9C-
00406b:3E>+9A-
00445d:3E>+93-
00446d:3E>+96-
00464f:3E>+9C-
00465e:3E>+9A-
00613c:3E>+93-
00614c:3E>+96-
00639c:42>+A9-
00640d:3E>+A9-
00652e:3E>+9C-
00653e:3E>+9A-
00672f:3E>+93-
00673f:3E>+96-
00693b:3E>+9C-
00694a:3E>+9A-
00713c:3E>+93-
00714b:3E>+96-
00732d:3E>+9C-
00733d:3E>+9A-
00849e:3E>+93-
00850e:4B<+
00868f:3E>+9C-
00869f:3E>+9A-
00890b:3E>+93-
00891a:3E>+96-
00970a:3E>+9C-
00971a:3E>+9A-
01125d:3E>+93-
01126d:3E>+96-
01144f:3E>+9C-
01145f:3E>+9A-
01166a:3E>+93-
01166f:3E>+96-
01205c:3E>+9C-
01206c:3E>+9A-
01225d:3E>+93-
01226d:3E>+96-
01245f:27<+
01246e:3E>+9A-
01321b:42>+A9-
01322c:3E>+A9-
02003b:42>+A9-
02004d:3E>+A9-
02685a:42>+A9-
02686d:3E>+A9-
03367a:42>+A9-
03368c:3E>+A9-
03571e:3E>+93-
03572d:3E>+96-
03651c:3E>+9C-
03652c:3E>+9A-
03671d:3E>+93-
03672d:3E>+96-
03691f:3E>+9C-
03692f:3E>+9A-
03904a:3E>+93-
03904f:3E>+96-
03943c:3E>+9C-
03944c:3E>+9A-
03963d:3E>+93-
03964d:3E>+96-
04023b:3E>+9C-
04024b:3E>+9A-
04049a:42>+A9-
04050c:3E>+A9-
04730f:42>+A9-
04732c:3E>+A9-
05412f:42>+A9-
05414c:3E>+A9-
05564f:3E>+93-
05565f:3E>+96-
05584b:3E>+9C-
05585b:3E>+9A-
05624e:3E>+93-
05625d:3E>+96-
05644e:3E>+9C-
05645e:3E>+9A-
06094f:42>+A9-
06096c:3E>+A9-
06386c:3E>+93-
06387c:3E>+96-
06406d:3E>+9C-
06407d:3E>+9A-
06426e:3E>+93-
06427e:3E>+96-
06466b:3E>+9C-
06467a:3E>+9A-
06487d:3E>+93-
06488c:3E>+96-
06506d:3E>+9C-
06507d:3E>+9A-
06669e:42>+93-
06670d:42>+96-
06690a:42>+9C-
06690f:42>+9A-
06776e:42>+A9-
06778c:3E>+A9-
06820b:42>+93-
06821b:42>+96-
06900a:42>+9C-
06901a:42>+9A-
06920b:42>+93-
06921b:42>+96-
06940d:42>+9C-
06941d:42>+9A-
06969e:42>+93-
06970d:42>+96-
07010b:42>+9C-
07011a:42>+9A-
07029c:42>+93-
07030c:42>+96-
07090a:42>+9C-
07090f:42>+9A-
07119b:42>+93-
07120b:42>+96-
07139d:42>+9C-
07140d:42>+9A-
07179f:42>+93-
07180f:42>+96-
07200a:42>+9C-
07201a:42>+9A-
07268e:42>+93-
07269e:42>+96-
07309b:42>+9C-
07310b:42>+9A-
07349d:42>+93-
07350d:42>+96-
07390a:42>+9C-
07391a:42>+9A-
07419c:42>+93-
07420c:42>+96-
07458e:42>+A9-
07460c:3E>+A9-
07519c:42>+9C-
07520c:42>+9A-
07569f:42>+93-
07570f:42>+96-
07590a:42>+9C-
07591a:42>+9A-
07649e:42>+93-
07650d:42>+96-
07690a:42>+9C-
07690f:42>+9A-
07719c:42>+93-
07720b:42>+96-
07800b:42>+9C-
07801a:42>+9A-
07870a:42>+93-
07870f:42>+96-
07949e:42>+9C-
07950d:42>+9A-
08019d:42>+93-
08020c:42>+96-
08039e:42>+9C-
08040d:42>+9A-
08080a:42>+93-
08081a:42>+96-
08119c:42>+9C-
08120c:42>+9A-
08140e:42>+A9-
08142b:3E>+A9-
08170a:42>+93-
08170f:42>+96-
08209c:42>+9C-
08210c:42>+9A-
08229d:42>+93-
08230d:42>+96-
08249f:42>+9C-
08250e:42>+9A-
08270a:42>+93-
08270f:42>+96-
08290b:42>+9C-
08291a:42>+9A-
08319d:42>+93-
08320c:42>+96-
08380b:42>+9C-
08381a:42>+9A-
08399c:42>+93-
08400c:42>+96-
08439e:42>+9C-
08440e:42>+9A-
08469a:42>+93-
08470a:42>+96-
08489b:42>+9C-
08490b:42>+9A-
08619d:42>+93-
08620c:42>+96-
08680b:42>+9C-
08681b:42>+9A-
08699c:42>+93-
08700b:42>+96-
08719d:42>+9C-
08720c:42>+9A-
08769a:42>+93-
08770a:42>+96-
08789b:42>+9C-
08790b:42>+9A-
08822d:42>+A9-
08824b:3E>+A9-
08829e:42>+93-
08830d:42>+96-
08890b:42>+9C-
08891b:42>+9A-
08919d:42>+93-
08920d:42>+96-
08939e:42>+9C-
08940e:42>+9A-
08979b:42>+93-
08980b:42>+96-
09019e:42>+9C-
09020d:42>+9A-
09070b:42>+93-
09071a:42>+96-
09090c:42>+9C-
09091b:42>+9A-
09109d:42>+93-
09110d:42>+96-
09190c:42>+9C-
09191c:42>+9A-
09219d:42>+93-
09220d:42>+96-
09280b:42>+9C-
09281b:42>+9A-
09299d:42>+93-
09300c:42>+96-
09340f:42>+9C-
09341f:42>+9A-
09370b:42>+93-
09371b:42>+96-
09390c:42>+9C-
09391c:42>+9A-
09410e:42>+93-
09411d:42>+96-
09450a:42>+9C-
09450f:42>+9A-
09470b:42>+93-
09471b:42>+96-
09490c:42>+9C-
09491c:42>+9A-
09504d:42>+A9-
09506b:3E>+A9-
09520e:42>+93-
09521d:42>+96-
09541a:42>+9C-
09541f:42>+9A-
10186c:42>+A9-
10188b:3E>+A9-
10868c:42>+A9-
10870b:3E>+A9-
10901d:3E>+93-
10902d:3E>+96-
00058e:3E>+9C-
00059d:3E>+9A-
00079a:3E>+93-
00080a:3E>+96-
00098a:3E>+9C-
00099a:3E>+9A-
00483a:3E>+93-
00483f:3E>+96-
00522c:3E>+9C-
00523c:3E>+9A-
00542e:3E>+93-
00543d:3E>+96-
00603b:3E>+9C-
00604b:3E>+9A-
00627e:42>+A9-
00629d:3E>+A9-
00780b:3E>+93-
00781a:3E>+96-
00819d:3E>+9C-
00820d:3E>+9A-
00839e:3E>+93-
00840e:3E>+96-
00900c:3E>+9C-
00901c:3E>+9A-
01027e:3E>+93-
01028e:3E>+96-
01067a:3E>+9C-
01067f:3E>+9A-
01087b:3E>+93-
01088a:3E>+96-
01146f:3E>+9C-
01147e:3E>+9A-
01288b:3E>+93-
01289b:3E>+96-
01309d:42>+A9-
01311d:3E>+A9-
01327e:3E>+9C-
01328e:3E>+9A-
01348f:3E>+93-
01349f:3E>+96-
01408d:3E>+9C-
01409c:3E>+9A-
01922f:3E>+93-
01923f:3E>+96-
01963b:3E>+9C-
01964b:3E>+9A-
01983c:3E>+93-
01984c:3E>+96-
01991d:42>+A9-
01993d:3E>+A9-
02043b:3E>+9C-
02044a:3E>+9A-
02673d:42>+A9-
02675c:3E>+A9-
03355c:42>+A9-
03357c:3E>+A9-
04037c:42>+A9-
04039c:3E>+A9-
04719b:42>+A9-
04721b:3E>+A9-
05401b:42>+A9-
05403c:3E>+A9-
06083a:42>+A9-
06085b:3E>+A9-
06765a:42>+A9-
06767b:3E>+A9-
06866b:42>+93-
06867a:42>+96-
07447a:42>+A9-
07449b:3E>+A9-
08128f:42>+A9-
08131b:3E>+A9-
08176c:42>+AA-
08813b:3E>+A9-
09495a:3E>+A9-
10177a:3E>+A9-
10859a:3E>+A9-
00617c:3E>+AC-

-----------------------------------------------
Date: 05.12.2015 - 
End log file
