000000000:00
000000072:02
000000074:06
000000076:07
000000099:0F
000000105:1F
000000315:1E
000000510:1F
000000522:5F
000000719:5E
000000914:5F
000000927:1F
000001122:1E
000001317:1F
000001329:5F
000001526:5E
000001721:5F
000001930:5E
000002125:5F
000002334:5E
000002529:5F
000002542:1F
000002737:1E
000002932:1F
000003140:1E
000003335:1F
000003341:1B
000003536:1F
000003761:1E
000003772:0E
000003776:2E
000003780:2C
000003979:2D
000004178:2C
000004374:2D
000004573:2C
000004769:2D
000004968:2C
000005164:2D
000005363:2C
000005559:2D
000005758:2C
000005954:2D
000006153:2C
000006349:2D
000006548:2C
000006744:2D
000006942:2F
000006985:0F
000007188:0E
000007383:0F
000007591:0E
000007786:0F
000007798:4F
000007995:4E
000008190:4F
000008399:4E
000008594:4F
000008803:4E
000008998:4F
000009011:0F
000009206:0E
000009401:0F
000009413:4F
000009610:4E
000009805:4F
000009818:0F
000010013:0E
000010208:0F
000010214:0B
000010409:0F
000000000:00
