Archive member included because of file (symbol)

c:/winavr-20100110/bin/../lib/gcc/avr/4.3.3/avr5\libgcc.a(_udivmodqi4.o)
                              LokalAusgabe.o (__udivmodqi4)
c:/winavr-20100110/bin/../lib/gcc/avr/4.3.3/avr5\libgcc.a(_exit.o)
                              c:/winavr-20100110/bin/../lib/gcc/avr/4.3.3/../../../../avr/lib/avr5/crtm168.o (exit)
c:/winavr-20100110/bin/../lib/gcc/avr/4.3.3/avr5\libgcc.a(_copy_data.o)
                              TxP2-Endgeraet.o (__do_copy_data)
c:/winavr-20100110/bin/../lib/gcc/avr/4.3.3/avr5\libgcc.a(_clear_bss.o)
                              ED1000.o (__do_clear_bss)
c:/winavr-20100110/bin/../lib/gcc/avr/4.3.3/../../../../avr/lib/avr5\libc.a(eerd_byte_atmega168.o)
                              ED1000.o (__eerd_byte_m168)
c:/winavr-20100110/bin/../lib/gcc/avr/4.3.3/../../../../avr/lib/avr5\libc.a(eewr_byte_atmega168.o)
                              ED1000.o (__eewr_byte_m168)

Allocating common symbols
Common symbol       size              file

ym2                 0x1               ED1000.o
ys0                 0x1               ED1000.o
TwiIsrCount         0x2               BusKomm.o
MsTimer             0x2               MsTimer.o
BusAuftrag          0x1               BusKomm.o
MeldungEingeschaltet
                    0x1               ED1000.o
RundsendEmpfFreig   0x1               BusKomm.o
RundsendAnzDaten    0x1               BusKomm.o
BusSendeDaten       0x1               BusKomm.o
SerUmTimerE         0x4               SeriellUmsetz.o
KommendSperreWahl   0x1               ED1000.o
RundsendDaten       0x10              BusKomm.o
Status              0x1               BusKomm.o
FsBetriebsart       0x1               TxP2-Endgeraet.o
ym1                 0x1               ED1000.o
SendePuffer         0x35              TxP2-Endgeraet.o
PegelGlaettZaehl    0x1               ED1000.o
EmpfangMark         0x1               ED1000.o
TwiWatchdogCount    0x2               BusKomm.o
x2                  0x1               ED1000.o
x0                  0x1               ED1000.o
EinAusschaltZaehl   0x2               ED1000.o
Tastendruck         0x1               Taste.o
SerUmEmpfFehler     0x1               SeriellUmsetz.o
ys1                 0x1               ED1000.o
BusEmpfMarkwechsel  0x1               BusKomm.o
BusEigenAdrMehrfach
                    0x1               BusKomm.o
ym0                 0x1               ED1000.o
SerUmTimerA         0x4               SeriellUmsetz.o
SerUmEmpfDaten      0x1               SeriellUmsetz.o
x1                  0x1               ED1000.o
ys2                 0x1               ED1000.o
EmpfUmsetzModus     0x1               TxP2-Endgeraet.o
SerUmSendDaten      0x1               SeriellUmsetz.o
EmpfPuffer          0x35              TxP2-Endgeraet.o
BusAnrufSubAdresse  0x1               BusKomm.o
BusVerbPartner      0x1               BusKomm.o
BusEigenAdresse     0x1               BusKomm.o
SendeUmsetzModus    0x1               TxP2-Endgeraet.o
SerUmEmpfBitNr      0x1               SeriellUmsetz.o
BefehlEinschalten   0x1               ED1000.o
UebersteuerWarnZaehl
                    0x1               ED1000.o
SpaceSperre         0x1               ED1000.o
SerUmSendBitNr      0x1               SeriellUmsetz.o
MeldungMark         0x1               ED1000.o
BuZiMode            0x1               ED1000.o
BefehlMark          0x1               ED1000.o
BusKollisionZaehler
                    0x1               BusKomm.o
BusErgebnis         0x1               BusKomm.o
BusEmpfMark         0x1               BusKomm.o
BusFrei             0x1               BusKomm.o

Memory Configuration

Name             Origin             Length             Attributes
text             0x00000000         0x00020000         xr
data             0x00800060         0x0000ffa0         rw !x
eeprom           0x00810000         0x00010000         rw !x
fuse             0x00820000         0x00000400         rw !x
lock             0x00830000         0x00000400         rw !x
signature        0x00840000         0x00000400         rw !x
*default*        0x00000000         0xffffffff

Linker script and memory map

Address of section .data set to 0x800100
LOAD c:/winavr-20100110/bin/../lib/gcc/avr/4.3.3/../../../../avr/lib/avr5/crtm168.o
LOAD ED1000.o
LOAD MsTimer.o
LOAD Taste.o
LOAD BusKomm.o
LOAD BaudotCode.o
LOAD KonfigDialog.o
LOAD SeriellUmsetz.o
LOAD TxP2-Endgeraet.o
LOAD LokalAusgabe.o
LOAD FifoPuffer.o
LOAD BusKomm2.o
LOAD c:/winavr-20100110/bin/../lib/gcc/avr/4.3.3/avr5\libgcc.a
LOAD c:/winavr-20100110/bin/../lib/gcc/avr/4.3.3/../../../../avr/lib/avr5\libc.a
LOAD c:/winavr-20100110/bin/../lib/gcc/avr/4.3.3/avr5\libgcc.a

.hash
 *(.hash)

.dynsym
 *(.dynsym)

.dynstr
 *(.dynstr)

.gnu.version
 *(.gnu.version)

.gnu.version_d
 *(.gnu.version_d)

.gnu.version_r
 *(.gnu.version_r)

.rel.init
 *(.rel.init)

.rela.init
 *(.rela.init)

.rel.text
 *(.rel.text)
 *(.rel.text.*)
 *(.rel.gnu.linkonce.t*)

.rela.text
 *(.rela.text)
 *(.rela.text.*)
 *(.rela.gnu.linkonce.t*)

.rel.fini
 *(.rel.fini)

.rela.fini
 *(.rela.fini)

.rel.rodata
 *(.rel.rodata)
 *(.rel.rodata.*)
 *(.rel.gnu.linkonce.r*)

.rela.rodata
 *(.rela.rodata)
 *(.rela.rodata.*)
 *(.rela.gnu.linkonce.r*)

.rel.data
 *(.rel.data)
 *(.rel.data.*)
 *(.rel.gnu.linkonce.d*)

.rela.data
 *(.rela.data)
 *(.rela.data.*)
 *(.rela.gnu.linkonce.d*)

.rel.ctors
 *(.rel.ctors)

.rela.ctors
 *(.rela.ctors)

.rel.dtors
 *(.rel.dtors)

.rela.dtors
 *(.rela.dtors)

.rel.got
 *(.rel.got)

.rela.got
 *(.rela.got)

.rel.bss
 *(.rel.bss)

.rela.bss
 *(.rela.bss)

.rel.plt
 *(.rel.plt)

.rela.plt
 *(.rela.plt)

.text           0x00000000     0x2ae4
 *(.vectors)
 .vectors       0x00000000       0x68 c:/winavr-20100110/bin/../lib/gcc/avr/4.3.3/../../../../avr/lib/avr5/crtm168.o
                0x00000000                __vectors
                0x00000000                __vector_default
 *(.vectors)
 *(.progmem.gcc*)
 *(.progmem*)
 .progmem.data  0x00000068      0x12d ED1000.o
                0x000000e8                Identifier
                0x00000068                Sinus63
 .progmem.data  0x00000195       0x42 BaudotCode.o
                0x000001b6                TtyCodeTabZi
                0x00000195                TtyCodeTabBu
 .progmem.data  0x000001d7       0x63 KonfigDialog.o
                0x000001d7                OkStrP
                0x0000023a                . = ALIGN (0x2)
                0x0000023a                __trampolines_start = .
 *(.trampolines)
 .trampolines   0x0000023a        0x0 linker stubs
 *(.trampolines*)
                0x0000023a                __trampolines_end = .
 *(.jumptables)
 *(.jumptables*)
 *(.lowtext)
 *(.lowtext*)
                0x0000023a                __ctors_start = .
 *(.ctors)
                0x0000023a                __ctors_end = .
                0x0000023a                __dtors_start = .
 *(.dtors)
                0x0000023a                __dtors_end = .
 SORT(*)(.ctors)
 SORT(*)(.dtors)
 *(.init0)
 .init0         0x0000023a        0x0 c:/winavr-20100110/bin/../lib/gcc/avr/4.3.3/../../../../avr/lib/avr5/crtm168.o
                0x0000023a                __init
 *(.init0)
 *(.init1)
 *(.init1)
 *(.init2)
 .init2         0x0000023a        0xc c:/winavr-20100110/bin/../lib/gcc/avr/4.3.3/../../../../avr/lib/avr5/crtm168.o
 *(.init2)
 *(.init3)
 *(.init3)
 *(.init4)
 .init4         0x00000246       0x16 c:/winavr-20100110/bin/../lib/gcc/avr/4.3.3/avr5\libgcc.a(_copy_data.o)
                0x00000246                __do_copy_data
 .init4         0x0000025c       0x10 c:/winavr-20100110/bin/../lib/gcc/avr/4.3.3/avr5\libgcc.a(_clear_bss.o)
                0x0000025c                __do_clear_bss
 *(.init4)
 *(.init5)
 *(.init5)
 *(.init6)
 *(.init6)
 *(.init7)
 *(.init7)
 *(.init8)
 *(.init8)
 *(.init9)
 .init9         0x0000026c        0x8 c:/winavr-20100110/bin/../lib/gcc/avr/4.3.3/../../../../avr/lib/avr5/crtm168.o
 *(.init9)
 *(.text)
 .text          0x00000274        0x4 c:/winavr-20100110/bin/../lib/gcc/avr/4.3.3/../../../../avr/lib/avr5/crtm168.o
                0x00000274                __vector_22
                0x00000274                __vector_1
                0x00000274                __vector_12
                0x00000274                __bad_interrupt
                0x00000274                __vector_6
                0x00000274                __vector_3
                0x00000274                __vector_23
                0x00000274                __vector_25
                0x00000274                __vector_13
                0x00000274                __vector_17
                0x00000274                __vector_19
                0x00000274                __vector_5
                0x00000274                __vector_4
                0x00000274                __vector_9
                0x00000274                __vector_2
                0x00000274                __vector_21
                0x00000274                __vector_15
                0x00000274                __vector_8
                0x00000274                __vector_14
                0x00000274                __vector_10
                0x00000274                __vector_18
                0x00000274                __vector_20
 .text          0x00000278      0xde6 ED1000.o
                0x000002ae                InitADC
                0x000002d4                __vector_11
                0x000008f4                LokalZeichenLesen
                0x00000a4c                LokalZeichenAusgabe
                0x00000708                FehlerStop
                0x00000a94                main
                0x00000278                InitTimer
 .text          0x0000105e       0xba MsTimer.o
                0x0000107c                __vector_7
                0x000010c4                DecrementTimer
                0x000010ec                TimerVal
                0x0000105e                MsTimerInit
                0x000010aa                StartTimer
 .text          0x00001118       0x88 Taste.o
                0x00001118                TastePruefen
                0x00001178                WarteTaste
 .text          0x000011a0      0x6c6 BusKomm.o
                0x000011a0                CLR_BIT_Status
                0x000015e4                BusSenden
                0x000017cc                AdresseZuWahl
                0x00001852                EmpfPufferLeer
                0x00001272                __vector_24
                0x000016ca                BusEigenAdressePruefenUndSetzen
                0x000017a0                WahlZuAdresse
                0x00001730                TwiInit
                0x000017fa                GetEmpfByte
                0x000011c2                SET_BIT_Status
                0x00001662                GetStatus
                0x000015d2                BusWarteFertig
                0x0000162a                BusRundsenden
 .text          0x00001866       0xfc BaudotCode.o
                0x000018d6                ZeichenZuCode2
                0x0000189c                CodeZuZeichen
                0x00001866                ZeichenZuCode
 .text          0x00001962      0x24c KonfigDialog.o
                0x00001af6                KonfigurationAllgemein
                0x00001962                LokalTextEingabe
                0x00001a8a                LokalZahlEingabe
                0x00001a20                LokalBoolEingabe
 .text          0x00001bae      0x304 SeriellUmsetz.o
                0x00001bc4                SeriellUmsetzung
                0x00001bae                SeriellUmsetzInit
 .text          0x00001eb2      0x97e TxP2-Endgeraet.o
                0x00001f6e                GeWaehlen
                0x000020fa                BetriebsartWechsel
                0x00001ef0                GeSendeMark
                0x00001eea                KoEmpfMark
                0x00001ee4                LetzteInterneWahl
                0x00002770                GeEinschalten
                0x000027f0                KommInit
                0x00002708                GeAusschalten
                0x00001eb2                BetriebsartAusgeschaltet
                0x00001f9e                GeSendeZeichen
                0x00001f44                GeSendeCode
                0x00001f12                GeSendePufferLeer
                0x00001f1c                KoEmpfCode
                0x00001ede                KoAnwahlnummer
                0x00001ec2                KoEinschalten
                0x000026da                Aktivieren
                0x00001f94                GeSendePufferVoll
                0x00002092                KoEmpfZeichen
                0x00001ef6                KoAusschalten
                0x00002662                __vector_16
 .text          0x00002830       0x90 LokalAusgabe.o
                0x00002840                LokalZahlAusgabe
                0x00002830                LokalZifferAusgabe
                0x0000288a                LokalTextAusgabe
                0x000028a4                LokalTextAusgabeP
                0x00002872                LokalHexAusgabe
 .text          0x000028c0      0x11e FifoPuffer.o
                0x000029b2                PufferZeig
                0x000028dc                PufferVoll
                0x0000296a                PufferAusg
                0x000028ca                PufferLeer
                0x000028c0                PufferInit
                0x00002996                PufferAnzahl
                0x0000291c                PufferSpeich
 .text          0x000029de       0xbe BusKomm2.o
                0x00002a26                WarteSchlussQuittung
                0x000029de                SendeLebenszeichen
 .text          0x00002a9c        0x0 c:/winavr-20100110/bin/../lib/gcc/avr/4.3.3/avr5\libgcc.a(_udivmodqi4.o)
 .text          0x00002a9c        0x0 c:/winavr-20100110/bin/../lib/gcc/avr/4.3.3/avr5\libgcc.a(_exit.o)
 .text          0x00002a9c        0x0 c:/winavr-20100110/bin/../lib/gcc/avr/4.3.3/avr5\libgcc.a(_copy_data.o)
 .text          0x00002a9c        0x0 c:/winavr-20100110/bin/../lib/gcc/avr/4.3.3/avr5\libgcc.a(_clear_bss.o)
 .text          0x00002a9c        0x0 c:/winavr-20100110/bin/../lib/gcc/avr/4.3.3/../../../../avr/lib/avr5\libc.a(eerd_byte_atmega168.o)
 .text          0x00002a9c        0x0 c:/winavr-20100110/bin/../lib/gcc/avr/4.3.3/../../../../avr/lib/avr5\libc.a(eewr_byte_atmega168.o)
                0x00002a9c                . = ALIGN (0x2)
 *(.text.*)
 .text.libgcc   0x00002a9c       0x18 c:/winavr-20100110/bin/../lib/gcc/avr/4.3.3/avr5\libgcc.a(_udivmodqi4.o)
                0x00002a9c                __udivmodqi4
 .text.libgcc   0x00002ab4        0x0 c:/winavr-20100110/bin/../lib/gcc/avr/4.3.3/avr5\libgcc.a(_exit.o)
 .text.libgcc   0x00002ab4        0x0 c:/winavr-20100110/bin/../lib/gcc/avr/4.3.3/avr5\libgcc.a(_copy_data.o)
 .text.libgcc   0x00002ab4        0x0 c:/winavr-20100110/bin/../lib/gcc/avr/4.3.3/avr5\libgcc.a(_clear_bss.o)
 .text.avr-libc
                0x00002ab4       0x10 c:/winavr-20100110/bin/../lib/gcc/avr/4.3.3/../../../../avr/lib/avr5\libc.a(eerd_byte_atmega168.o)
                0x00002ab4                __eerd_byte_m168
 .text.avr-libc
                0x00002ac4       0x1c c:/winavr-20100110/bin/../lib/gcc/avr/4.3.3/../../../../avr/lib/avr5\libc.a(eewr_byte_atmega168.o)
                0x00002ac6                __eewr_r18_m168
                0x00002ac4                __eewr_byte_m168
                0x00002ae0                . = ALIGN (0x2)
 *(.fini9)
 .fini9         0x00002ae0        0x0 c:/winavr-20100110/bin/../lib/gcc/avr/4.3.3/avr5\libgcc.a(_exit.o)
                0x00002ae0                exit
                0x00002ae0                _exit
 *(.fini9)
 *(.fini8)
 *(.fini8)
 *(.fini7)
 *(.fini7)
 *(.fini6)
 *(.fini6)
 *(.fini5)
 *(.fini5)
 *(.fini4)
 *(.fini4)
 *(.fini3)
 *(.fini3)
 *(.fini2)
 *(.fini2)
 *(.fini1)
 *(.fini1)
 *(.fini0)
 .fini0         0x00002ae0        0x4 c:/winavr-20100110/bin/../lib/gcc/avr/4.3.3/avr5\libgcc.a(_exit.o)
 *(.fini0)
                0x00002ae4                _etext = .

.data           0x00800100        0x2 load address 0x00002ae4
                0x00800100                PROVIDE (__data_start, .)
 *(.data)
 .data          0x00800100        0x0 c:/winavr-20100110/bin/../lib/gcc/avr/4.3.3/../../../../avr/lib/avr5/crtm168.o
 .data          0x00800100        0x0 ED1000.o
 .data          0x00800100        0x0 MsTimer.o
 .data          0x00800100        0x0 Taste.o
 .data          0x00800100        0x0 BusKomm.o
 .data          0x00800100        0x0 BaudotCode.o
 .data          0x00800100        0x0 KonfigDialog.o
 .data          0x00800100        0x0 SeriellUmsetz.o
 .data          0x00800100        0x1 TxP2-Endgeraet.o
 .data          0x00800101        0x0 LokalAusgabe.o
 .data          0x00800101        0x0 FifoPuffer.o
 .data          0x00800101        0x0 BusKomm2.o
 .data          0x00800101        0x0 c:/winavr-20100110/bin/../lib/gcc/avr/4.3.3/avr5\libgcc.a(_udivmodqi4.o)
 .data          0x00800101        0x0 c:/winavr-20100110/bin/../lib/gcc/avr/4.3.3/avr5\libgcc.a(_exit.o)
 .data          0x00800101        0x0 c:/winavr-20100110/bin/../lib/gcc/avr/4.3.3/avr5\libgcc.a(_copy_data.o)
 .data          0x00800101        0x0 c:/winavr-20100110/bin/../lib/gcc/avr/4.3.3/avr5\libgcc.a(_clear_bss.o)
 .data          0x00800101        0x0 c:/winavr-20100110/bin/../lib/gcc/avr/4.3.3/../../../../avr/lib/avr5\libc.a(eerd_byte_atmega168.o)
 .data          0x00800101        0x0 c:/winavr-20100110/bin/../lib/gcc/avr/4.3.3/../../../../avr/lib/avr5\libc.a(eewr_byte_atmega168.o)
 *(.data*)
 *(.rodata)
 *(.rodata*)
 *(.gnu.linkonce.d*)
                0x00800102                . = ALIGN (0x2)
 *fill*         0x00800101        0x1 00
                0x00800102                _edata = .
                0x00800102                PROVIDE (__data_end, .)

.bss            0x00800102      0x10a
                0x00800102                PROVIDE (__bss_start, .)
 *(.bss)
 .bss           0x00800102        0x0 c:/winavr-20100110/bin/../lib/gcc/avr/4.3.3/../../../../avr/lib/avr5/crtm168.o
 .bss           0x00800102       0x24 ED1000.o
 .bss           0x00800126        0x0 MsTimer.o
 .bss           0x00800126        0x5 Taste.o
 .bss           0x0080012b       0x18 BusKomm.o
 .bss           0x00800143        0x0 BaudotCode.o
 .bss           0x00800143        0x0 KonfigDialog.o
 .bss           0x00800143        0x2 SeriellUmsetz.o
 .bss           0x00800145        0xf TxP2-Endgeraet.o
 .bss           0x00800154        0x0 LokalAusgabe.o
 .bss           0x00800154        0x0 FifoPuffer.o
 .bss           0x00800154        0x4 BusKomm2.o
 .bss           0x00800158        0x0 c:/winavr-20100110/bin/../lib/gcc/avr/4.3.3/avr5\libgcc.a(_udivmodqi4.o)
 .bss           0x00800158        0x0 c:/winavr-20100110/bin/../lib/gcc/avr/4.3.3/avr5\libgcc.a(_exit.o)
 .bss           0x00800158        0x0 c:/winavr-20100110/bin/../lib/gcc/avr/4.3.3/avr5\libgcc.a(_copy_data.o)
 .bss           0x00800158        0x0 c:/winavr-20100110/bin/../lib/gcc/avr/4.3.3/avr5\libgcc.a(_clear_bss.o)
 .bss           0x00800158        0x0 c:/winavr-20100110/bin/../lib/gcc/avr/4.3.3/../../../../avr/lib/avr5\libc.a(eerd_byte_atmega168.o)
 .bss           0x00800158        0x0 c:/winavr-20100110/bin/../lib/gcc/avr/4.3.3/../../../../avr/lib/avr5\libc.a(eewr_byte_atmega168.o)
 *(.bss*)
 *(COMMON)
 COMMON         0x00800158       0x15 ED1000.o
                0x00800158                ym2
                0x00800159                ys0
                0x0080015a                MeldungEingeschaltet
                0x0080015b                KommendSperreWahl
                0x0080015c                ym1
                0x0080015d                PegelGlaettZaehl
                0x0080015e                EmpfangMark
                0x0080015f                x2
                0x00800160                x0
                0x00800161                EinAusschaltZaehl
                0x00800163                ys1
                0x00800164                ym0
                0x00800165                x1
                0x00800166                ys2
                0x00800167                BefehlEinschalten
                0x00800168                UebersteuerWarnZaehl
                0x00800169                SpaceSperre
                0x0080016a                MeldungMark
                0x0080016b                BuZiMode
                0x0080016c                BefehlMark
 COMMON         0x0080016d        0x2 MsTimer.o
                0x0080016d                MsTimer
 COMMON         0x0080016f        0x1 Taste.o
                0x0080016f                Tastendruck
 COMMON         0x00800170       0x22 BusKomm.o
                0x00800170                TwiIsrCount
                0x00800172                BusAuftrag
                0x00800173                RundsendEmpfFreig
                0x00800174                RundsendAnzDaten
                0x00800175                BusSendeDaten
                0x00800176                RundsendDaten
                0x00800186                Status
                0x00800187                TwiWatchdogCount
                0x00800189                BusEmpfMarkwechsel
                0x0080018a                BusEigenAdrMehrfach
                0x0080018b                BusAnrufSubAdresse
                0x0080018c                BusVerbPartner
                0x0080018d                BusEigenAdresse
                0x0080018e                BusKollisionZaehler
                0x0080018f                BusErgebnis
                0x00800190                BusEmpfMark
                0x00800191                BusFrei
 COMMON         0x00800192        0xd SeriellUmsetz.o
                0x00800192                SerUmTimerE
                0x00800196                SerUmEmpfFehler
                0x00800197                SerUmTimerA
                0x0080019b                SerUmEmpfDaten
                0x0080019c                SerUmSendDaten
                0x0080019d                SerUmEmpfBitNr
                0x0080019e                SerUmSendBitNr
 COMMON         0x0080019f       0x6d TxP2-Endgeraet.o
                0x0080019f                FsBetriebsart
                0x008001a0                SendePuffer
                0x008001d5                EmpfUmsetzModus
                0x008001d6                EmpfPuffer
                0x0080020b                SendeUmsetzModus
                0x0080020c                PROVIDE (__bss_end, .)
                0x00002ae4                __data_load_start = LOADADDR (.data)
                0x00002ae6                __data_load_end = (__data_load_start + SIZEOF (.data))

.noinit         0x0080020c        0x0
                0x0080020c                PROVIDE (__noinit_start, .)
 *(.noinit*)
                0x0080020c                PROVIDE (__noinit_end, .)
                0x0080020c                _end = .
                0x0080020c                PROVIDE (__heap_start, .)

.eeprom         0x00810000        0x6
 *(.eeprom*)
 .eeprom        0x00810000        0x6 ED1000.o
                0x00810000                BusEigenAdresse_EE
                0x00810002                Platzhalter
                0x00810001                KommendSperreWahl_EE
                0x00810006                __eeprom_end = .

.fuse
 *(.fuse)
 *(.lfuse)
 *(.hfuse)
 *(.efuse)

.lock
 *(.lock*)

.signature
 *(.signature*)

.stab
 *(.stab)

.stabstr
 *(.stabstr)

.stab.excl
 *(.stab.excl)

.stab.exclstr
 *(.stab.exclstr)

.stab.index
 *(.stab.index)

.stab.indexstr
 *(.stab.indexstr)

.comment
 *(.comment)

.debug
 *(.debug)

.line
 *(.line)

.debug_srcinfo
 *(.debug_srcinfo)

.debug_sfnames
 *(.debug_sfnames)

.debug_aranges  0x00000000      0x160
 *(.debug_aranges)
 .debug_aranges
                0x00000000       0x20 ED1000.o
 .debug_aranges
                0x00000020       0x20 MsTimer.o
 .debug_aranges
                0x00000040       0x20 Taste.o
 .debug_aranges
                0x00000060       0x20 BusKomm.o
 .debug_aranges
                0x00000080       0x20 BaudotCode.o
 .debug_aranges
                0x000000a0       0x20 KonfigDialog.o
 .debug_aranges
                0x000000c0       0x20 SeriellUmsetz.o
 .debug_aranges
                0x000000e0       0x20 TxP2-Endgeraet.o
 .debug_aranges
                0x00000100       0x20 LokalAusgabe.o
 .debug_aranges
                0x00000120       0x20 FifoPuffer.o
 .debug_aranges
                0x00000140       0x20 BusKomm2.o

.debug_pubnames
                0x00000000      0x99b
 *(.debug_pubnames)
 .debug_pubnames
                0x00000000      0x1f7 ED1000.o
 .debug_pubnames
                0x000001f7       0x6c MsTimer.o
 .debug_pubnames
                0x00000263       0x42 Taste.o
 .debug_pubnames
                0x000002a5      0x23f BusKomm.o
 .debug_pubnames
                0x000004e4       0x6b BaudotCode.o
 .debug_pubnames
                0x0000054f       0x77 KonfigDialog.o
 .debug_pubnames
                0x000005c6       0xbd SeriellUmsetz.o
 .debug_pubnames
                0x00000683      0x1da TxP2-Endgeraet.o
 .debug_pubnames
                0x0000085d       0x7d LokalAusgabe.o
 .debug_pubnames
                0x000008da       0x7f FifoPuffer.o
 .debug_pubnames
                0x00000959       0x42 BusKomm2.o

.debug_info     0x00000000     0x2f68
 *(.debug_info)
 .debug_info    0x00000000      0xfed ED1000.o
 .debug_info    0x00000fed      0x19e MsTimer.o
 .debug_info    0x0000118b      0x160 Taste.o
 .debug_info    0x000012eb      0x617 BusKomm.o
 .debug_info    0x00001902      0x292 BaudotCode.o
 .debug_info    0x00001b94      0x2bd KonfigDialog.o
 .debug_info    0x00001e51      0x225 SeriellUmsetz.o
 .debug_info    0x00002076      0x8bc TxP2-Endgeraet.o
 .debug_info    0x00002932      0x1a3 LokalAusgabe.o
 .debug_info    0x00002ad5      0x312 FifoPuffer.o
 .debug_info    0x00002de7      0x181 BusKomm2.o
 *(.gnu.linkonce.wi.*)

.debug_abbrev   0x00000000     0x105c
 *(.debug_abbrev)
 .debug_abbrev  0x00000000      0x33f ED1000.o
 .debug_abbrev  0x0000033f      0x126 MsTimer.o
 .debug_abbrev  0x00000465       0xe5 Taste.o
 .debug_abbrev  0x0000054a      0x246 BusKomm.o
 .debug_abbrev  0x00000790      0x124 BaudotCode.o
 .debug_abbrev  0x000008b4      0x12f KonfigDialog.o
 .debug_abbrev  0x000009e3      0x126 SeriellUmsetz.o
 .debug_abbrev  0x00000b09      0x24a TxP2-Endgeraet.o
 .debug_abbrev  0x00000d53       0xb9 LokalAusgabe.o
 .debug_abbrev  0x00000e0c      0x16d FifoPuffer.o
 .debug_abbrev  0x00000f79       0xe3 BusKomm2.o

.debug_line     0x00000000     0x3065
 *(.debug_line)
 .debug_line    0x00000000      0xeaf ED1000.o
 .debug_line    0x00000eaf      0x189 MsTimer.o
 .debug_line    0x00001038      0x17b Taste.o
 .debug_line    0x000011b3      0x6d1 BusKomm.o
 .debug_line    0x00001884      0x21a BaudotCode.o
 .debug_line    0x00001a9e      0x2a6 KonfigDialog.o
 .debug_line    0x00001d44      0x316 SeriellUmsetz.o
 .debug_line    0x0000205a      0xa91 TxP2-Endgeraet.o
 .debug_line    0x00002aeb      0x1a2 LokalAusgabe.o
 .debug_line    0x00002c8d      0x284 FifoPuffer.o
 .debug_line    0x00002f11      0x154 BusKomm2.o

.debug_frame    0x00000000      0x5b0
 *(.debug_frame)
 .debug_frame   0x00000000       0xf0 ED1000.o
 .debug_frame   0x000000f0       0x60 MsTimer.o
 .debug_frame   0x00000150       0x30 Taste.o
 .debug_frame   0x00000180       0xf0 BusKomm.o
 .debug_frame   0x00000270       0x40 BaudotCode.o
 .debug_frame   0x000002b0       0x50 KonfigDialog.o
 .debug_frame   0x00000300       0x30 SeriellUmsetz.o
 .debug_frame   0x00000330      0x170 TxP2-Endgeraet.o
 .debug_frame   0x000004a0       0x60 LokalAusgabe.o
 .debug_frame   0x00000500       0x80 FifoPuffer.o
 .debug_frame   0x00000580       0x30 BusKomm2.o

.debug_str      0x00000000     0x10ca
 *(.debug_str)
 .debug_str     0x00000000      0x655 ED1000.o
                                0x705 (size before relaxing)
 .debug_str     0x00000655       0x5d MsTimer.o
                                0x11b (size before relaxing)
 .debug_str     0x000006b2       0x53 Taste.o
                                0x149 (size before relaxing)
 .debug_str     0x00000705      0x2be BusKomm.o
                                0x3d5 (size before relaxing)
 .debug_str     0x000009c3       0x86 BaudotCode.o
                                0x188 (size before relaxing)
 .debug_str     0x00000a49       0x9c KonfigDialog.o
                                0x17f (size before relaxing)
 .debug_str     0x00000ae5       0xa6 SeriellUmsetz.o
                                0x1e3 (size before relaxing)
 .debug_str     0x00000b8b      0x3f5 TxP2-Endgeraet.o
                                0x73e (size before relaxing)
 .debug_str     0x00000f80       0x7d LokalAusgabe.o
                                0x14c (size before relaxing)
 .debug_str     0x00000ffd       0x74 FifoPuffer.o
                                0x156 (size before relaxing)
 .debug_str     0x00001071       0x59 BusKomm2.o
                                0x172 (size before relaxing)

.debug_loc      0x00000000      0xc70
 *(.debug_loc)
 .debug_loc     0x00000000      0x115 ED1000.o
 .debug_loc     0x00000115       0x8b MsTimer.o
 .debug_loc     0x000001a0      0x268 BusKomm.o
 .debug_loc     0x00000408      0x1cf BaudotCode.o
 .debug_loc     0x000005d7      0x1b4 KonfigDialog.o
 .debug_loc     0x0000078b       0x56 SeriellUmsetz.o
 .debug_loc     0x000007e1      0x237 TxP2-Endgeraet.o
 .debug_loc     0x00000a18      0x11a LokalAusgabe.o
 .debug_loc     0x00000b32      0x116 FifoPuffer.o
 .debug_loc     0x00000c48       0x28 BusKomm2.o

.debug_macinfo
 *(.debug_macinfo)
OUTPUT(ED1000.elf elf32-avr)
LOAD linker stubs

.debug_ranges   0x00000000      0x108
 .debug_ranges  0x00000000       0xf0 ED1000.o
 .debug_ranges  0x000000f0       0x18 KonfigDialog.o
